
  .   ____          _            __ _ _
 /\\ / ___'_ __ _ _(_)_ __  __ _ \ \ \ \
( ( )\___ | '_ | '_| | '_ \/ _` | \ \ \ \
 \\/  ___)| |_)| | | | | || (_| |  ) ) ) )
  '  |____| .__|_| |_|_| |_\__, | / / / /
 =========|_|==============|___/=/_/_/_/
 :: Spring Boot ::                (v3.2.4)

2026-05-21T00:32:02.530+01:00  INFO 26464 --- [api-gateway] [           main] c.abcdis.gateway.ApiGatewayApplication   : Starting ApiGatewayApplication v1.0.0 using Java 17.0.12 with PID 26464 (C:\Projets\RH-Commission\backend-microservices\api-gateway\target\api-gateway-1.0.0.jar started by yassi in C:\Users\yassi)
2026-05-21T00:32:02.537+01:00  INFO 26464 --- [api-gateway] [           main] c.abcdis.gateway.ApiGatewayApplication   : No active profile set, falling back to 1 default profile: "default"
2026-05-21T00:32:03.800+01:00  INFO 26464 --- [api-gateway] [           main] o.s.b.w.embedded.tomcat.TomcatWebServer  : Tomcat initialized with port 8080 (http)
2026-05-21T00:32:03.810+01:00  INFO 26464 --- [api-gateway] [           main] o.apache.catalina.core.StandardService   : Starting service [Tomcat]
2026-05-21T00:32:03.812+01:00  INFO 26464 --- [api-gateway] [           main] o.apache.catalina.core.StandardEngine    : Starting Servlet engine: [Apache Tomcat/10.1.19]
2026-05-21T00:32:03.846+01:00  INFO 26464 --- [api-gateway] [           main] o.a.c.c.C.[Tomcat].[localhost].[/]       : Initializing Spring embedded WebApplicationContext
2026-05-21T00:32:03.848+01:00  INFO 26464 --- [api-gateway] [           main] w.s.c.ServletWebServerApplicationContext : Root WebApplicationContext: initialization completed in 1222 ms
2026-05-21T00:32:04.602+01:00  INFO 26464 --- [api-gateway] [           main] o.s.b.a.e.web.EndpointLinksResolver      : Exposing 2 endpoint(s) beneath base path '/actuator'
2026-05-21T00:32:04.663+01:00  INFO 26464 --- [api-gateway] [           main] o.s.b.w.embedded.tomcat.TomcatWebServer  : Tomcat started on port 8080 (http) with context path ''
2026-05-21T00:32:04.669+01:00  INFO 26464 --- [api-gateway] [           main] c.abcdis.gateway.ApiGatewayApplication   : Started ApiGatewayApplication in 2.69 seconds (process running for 3.093)
2026-05-21T00:32:31.719+01:00  INFO 26464 --- [api-gateway] [nio-8080-exec-3] o.a.c.c.C.[Tomcat].[localhost].[/]       : Initializing Spring DispatcherServlet 'dispatcherServlet'
2026-05-21T00:32:31.720+01:00  INFO 26464 --- [api-gateway] [nio-8080-exec-3] o.s.web.servlet.DispatcherServlet        : Initializing Servlet 'dispatcherServlet'
2026-05-21T00:32:31.720+01:00  INFO 26464 --- [api-gateway] [nio-8080-exec-3] o.s.web.servlet.DispatcherServlet        : Completed initialization in 0 ms
