
> @figma/my-make-file@0.0.1 dev
> vite


  [32m[1mVITE[22m v6.3.5[39m  [2mready in [0m[1m1236[22m[2m[0m ms[22m

  [32m➜[39m  [1mLocal[22m:   [36mhttp://localhost:[1m5173[22m/[39m
[2m  [32m➜[39m  [1mNetwork[22m[2m: use [22m[1m--host[22m[2m to expose[22m
[2m23:01:54[22m [36m[1m[vite][22m[39m [90m[2m(client)[22m[39m [32mhmr update [39m[2m/src/app/context/UserContext.tsx, /src/styles/index.css[22m
[2m23:01:54[22m [36m[1m[vite][22m[39m [90m[2m(client)[22m[39m [33mhmr invalidate [39m[2m/src/app/context/UserContext.tsx[22m Could not Fast Refresh ("AVAILABLE_USERS" export is incompatible). Learn more at https://github.com/vitejs/vite-plugin-react/tree/main/packages/plugin-react#consistent-components-exports
[2m23:01:54[22m [36m[1m[vite][22m[39m [90m[2m(client)[22m[39m [32mhmr update [39m[2m/src/app/App.tsx, /src/styles/index.css, /src/app/context/PersonnelContext.tsx, /src/app/context/ConstraintsContext.tsx, /src/app/pages/Login.tsx, /src/app/components/Layout.tsx, /src/app/pages/PersonnelPage.tsx[22m
[2m23:01:54[22m [36m[1m[vite][22m[39m [90m[2m(client)[22m[39m [33mhmr invalidate [39m[2m/src/app/context/PersonnelContext.tsx[22m Could not Fast Refresh ("usePersonnel" export is incompatible). Learn more at https://github.com/vitejs/vite-plugin-react/tree/main/packages/plugin-react#consistent-components-exports
[2m23:01:54[22m [36m[1m[vite][22m[39m [90m[2m(client)[22m[39m [32mhmr update [39m[2m/src/app/App.tsx, /src/styles/index.css, /src/app/pages/PersonnelPage.tsx[22m
[2m23:01:54[22m [36m[1m[vite][22m[39m [90m[2m(client)[22m[39m [33mhmr invalidate [39m[2m/src/app/context/ConstraintsContext.tsx[22m Could not Fast Refresh ("useConstraints" export is incompatible). Learn more at https://github.com/vitejs/vite-plugin-react/tree/main/packages/plugin-react#consistent-components-exports
[2m23:01:54[22m [36m[1m[vite][22m[39m [90m[2m(client)[22m[39m [32mhmr update [39m[2m/src/app/App.tsx, /src/styles/index.css, /src/app/pages/ConstraintsHistoryPage.tsx, /src/app/pages/ConstraintsPage.tsx, /src/app/pages/BrandCalculationPage.tsx, /src/app/pages/NewConstraintPage.tsx[22m
[2m23:01:56[22m [36m[1m[vite][22m[39m [90m[2m(client)[22m[39m [32mhmr update [39m[2m/src/app/pages/Login.tsx, /src/styles/index.css[22m
[2m23:09:13[22m [36m[1m[vite][22m[39m [90m[2m(client)[22m[39m [32mhmr update [39m[2m/src/app/pages/CalculationPage.tsx, /src/styles/index.css[22m
[2m23:22:36[22m [36m[1m[vite][22m[39m [90m[2m(client)[22m[39m [32mhmr update [39m[2m/src/app/pages/HistoryPage.tsx, /src/styles/index.css[22m
[2m23:25:17[22m [36m[1m[vite][22m[39m [90m[2m(client)[22m[39m [32mhmr update [39m[2m/src/app/pages/CalculationPage.tsx, /src/styles/index.css[22m
[2m23:25:40[22m [36m[1m[vite][22m[39m [90m[2m(client)[22m[39m [32mhmr update [39m[2m/src/app/pages/CalculationPage.tsx, /src/styles/index.css[22m
[2m23:25:42[22m [36m[1m[vite][22m[39m [90m[2m(client)[22m[39m [32m✨ new dependencies optimized: [33mxlsx[32m[39m
[2m23:25:42[22m [36m[1m[vite][22m[39m [90m[2m(client)[22m[39m [32m✨ optimized dependencies changed. reloading[39m
[2m23:25:52[22m [36m[1m[vite][22m[39m [90m[2m(client)[22m[39m [32mhmr update [39m[2m/src/app/pages/CalculationPage.tsx, /src/styles/index.css[22m
[2m23:26:00[22m [36m[1m[vite][22m[39m [90m[2m(client)[22m[39m [32mhmr update [39m[2m/src/app/pages/CalculationPage.tsx, /src/styles/index.css[22m
[2m23:26:07[22m [36m[1m[vite][22m[39m [90m[2m(client)[22m[39m [32mhmr update [39m[2m/src/app/context/UserContext.tsx, /src/styles/index.css[22m
[2m23:26:07[22m [36m[1m[vite][22m[39m [90m[2m(client)[22m[39m [33mhmr invalidate [39m[2m/src/app/context/UserContext.tsx[22m Could not Fast Refresh ("AVAILABLE_USERS" export is incompatible). Learn more at https://github.com/vitejs/vite-plugin-react/tree/main/packages/plugin-react#consistent-components-exports
[2m23:26:07[22m [36m[1m[vite][22m[39m [90m[2m(client)[22m[39m [32mhmr update [39m[2m/src/app/App.tsx, /src/styles/index.css, /src/app/context/PersonnelContext.tsx, /src/app/context/ConstraintsContext.tsx, /src/app/pages/Login.tsx, /src/app/components/Layout.tsx, /src/app/pages/PersonnelPage.tsx[22m
[2m23:26:08[22m [36m[1m[vite][22m[39m [90m[2m(client)[22m[39m [33mhmr invalidate [39m[2m/src/app/context/PersonnelContext.tsx[22m Could not Fast Refresh ("usePersonnel" export is incompatible). Learn more at https://github.com/vitejs/vite-plugin-react/tree/main/packages/plugin-react#consistent-components-exports
[2m23:26:08[22m [36m[1m[vite][22m[39m [90m[2m(client)[22m[39m [32mhmr update [39m[2m/src/app/App.tsx, /src/styles/index.css, /src/app/pages/PersonnelPage.tsx[22m
[2m23:26:08[22m [36m[1m[vite][22m[39m [90m[2m(client)[22m[39m [33mhmr invalidate [39m[2m/src/app/context/ConstraintsContext.tsx[22m Could not Fast Refresh ("useConstraints" export is incompatible). Learn more at https://github.com/vitejs/vite-plugin-react/tree/main/packages/plugin-react#consistent-components-exports
[2m23:26:08[22m [36m[1m[vite][22m[39m [90m[2m(client)[22m[39m [32mhmr update [39m[2m/src/app/App.tsx, /src/styles/index.css, /src/app/pages/ConstraintsHistoryPage.tsx, /src/app/pages/ConstraintsPage.tsx, /src/app/pages/BrandCalculationPage.tsx, /src/app/pages/NewConstraintPage.tsx[22m
[2m23:26:10[22m [36m[1m[vite][22m[39m [90m[2m(client)[22m[39m [32mhmr update [39m[2m/src/app/context/UserContext.tsx, /src/styles/index.css[22m
[2m23:26:10[22m [36m[1m[vite][22m[39m [90m[2m(client)[22m[39m [33mhmr invalidate [39m[2m/src/app/context/UserContext.tsx[22m Could not Fast Refresh ("AVAILABLE_USERS" export is incompatible). Learn more at https://github.com/vitejs/vite-plugin-react/tree/main/packages/plugin-react#consistent-components-exports
[2m23:26:10[22m [36m[1m[vite][22m[39m [90m[2m(client)[22m[39m [32mhmr update [39m[2m/src/app/App.tsx, /src/styles/index.css, /src/app/context/PersonnelContext.tsx, /src/app/context/ConstraintsContext.tsx, /src/app/pages/Login.tsx, /src/app/components/Layout.tsx, /src/app/pages/PersonnelPage.tsx[22m
[2m23:26:10[22m [36m[1m[vite][22m[39m [90m[2m(client)[22m[39m [33mhmr invalidate [39m[2m/src/app/context/PersonnelContext.tsx[22m Could not Fast Refresh ("usePersonnel" export is incompatible). Learn more at https://github.com/vitejs/vite-plugin-react/tree/main/packages/plugin-react#consistent-components-exports
[2m23:26:10[22m [36m[1m[vite][22m[39m [90m[2m(client)[22m[39m [32mhmr update [39m[2m/src/app/App.tsx, /src/styles/index.css, /src/app/pages/PersonnelPage.tsx[22m
[2m23:26:10[22m [36m[1m[vite][22m[39m [90m[2m(client)[22m[39m [33mhmr invalidate [39m[2m/src/app/context/ConstraintsContext.tsx[22m Could not Fast Refresh ("useConstraints" export is incompatible). Learn more at https://github.com/vitejs/vite-plugin-react/tree/main/packages/plugin-react#consistent-components-exports
[2m23:26:10[22m [36m[1m[vite][22m[39m [90m[2m(client)[22m[39m [32mhmr update [39m[2m/src/app/App.tsx, /src/styles/index.css, /src/app/pages/ConstraintsHistoryPage.tsx, /src/app/pages/ConstraintsPage.tsx, /src/app/pages/BrandCalculationPage.tsx, /src/app/pages/NewConstraintPage.tsx[22m
[2m23:26:15[22m [36m[1m[vite][22m[39m [90m[2m(client)[22m[39m [32mhmr update [39m[2m/src/app/context/UserContext.tsx, /src/styles/index.css[22m
[2m23:26:15[22m [36m[1m[vite][22m[39m [90m[2m(client)[22m[39m [33mhmr invalidate [39m[2m/src/app/context/UserContext.tsx[22m Could not Fast Refresh ("AVAILABLE_USERS" export is incompatible). Learn more at https://github.com/vitejs/vite-plugin-react/tree/main/packages/plugin-react#consistent-components-exports
[2m23:26:15[22m [36m[1m[vite][22m[39m [90m[2m(client)[22m[39m [32mhmr update [39m[2m/src/app/App.tsx, /src/styles/index.css, /src/app/context/PersonnelContext.tsx, /src/app/context/ConstraintsContext.tsx, /src/app/pages/Login.tsx, /src/app/components/Layout.tsx, /src/app/pages/PersonnelPage.tsx[22m
[2m23:26:15[22m [36m[1m[vite][22m[39m [90m[2m(client)[22m[39m [33mhmr invalidate [39m[2m/src/app/context/PersonnelContext.tsx[22m Could not Fast Refresh ("usePersonnel" export is incompatible). Learn more at https://github.com/vitejs/vite-plugin-react/tree/main/packages/plugin-react#consistent-components-exports
[2m23:26:15[22m [36m[1m[vite][22m[39m [90m[2m(client)[22m[39m [32mhmr update [39m[2m/src/app/App.tsx, /src/styles/index.css, /src/app/pages/PersonnelPage.tsx[22m
[2m23:26:15[22m [36m[1m[vite][22m[39m [90m[2m(client)[22m[39m [33mhmr invalidate [39m[2m/src/app/context/ConstraintsContext.tsx[22m Could not Fast Refresh ("useConstraints" export is incompatible). Learn more at https://github.com/vitejs/vite-plugin-react/tree/main/packages/plugin-react#consistent-components-exports
[2m23:26:15[22m [36m[1m[vite][22m[39m [90m[2m(client)[22m[39m [32mhmr update [39m[2m/src/app/App.tsx, /src/styles/index.css, /src/app/pages/ConstraintsHistoryPage.tsx, /src/app/pages/ConstraintsPage.tsx, /src/app/pages/BrandCalculationPage.tsx, /src/app/pages/NewConstraintPage.tsx[22m
[2m23:26:18[22m [36m[1m[vite][22m[39m [90m[2m(client)[22m[39m [32mhmr update [39m[2m/src/app/context/HistoryContext.tsx, /src/styles/index.css[22m
[2m23:26:18[22m [36m[1m[vite][22m[39m [90m[2m(client)[22m[39m [33mhmr invalidate [39m[2m/src/app/context/HistoryContext.tsx[22m Could not Fast Refresh ("useHistory" export is incompatible). Learn more at https://github.com/vitejs/vite-plugin-react/tree/main/packages/plugin-react#consistent-components-exports
[2m23:26:18[22m [36m[1m[vite][22m[39m [90m[2m(client)[22m[39m [32mhmr update [39m[2m/src/app/App.tsx, /src/styles/index.css, /src/app/pages/DashboardPage.tsx, /src/app/pages/ConstraintsHistoryPage.tsx, /src/app/pages/BrandCalculationPage.tsx, /src/app/pages/HistoryPage.tsx, /src/app/pages/NewConstraintPage.tsx[22m
[2m23:26:21[22m [36m[1m[vite][22m[39m [90m[2m(client)[22m[39m [32mhmr update [39m[2m/src/app/context/HistoryContext.tsx, /src/styles/index.css[22m
[2m23:26:21[22m [36m[1m[vite][22m[39m [90m[2m(client)[22m[39m [33mhmr invalidate [39m[2m/src/app/context/HistoryContext.tsx[22m Could not Fast Refresh ("useHistory" export is incompatible). Learn more at https://github.com/vitejs/vite-plugin-react/tree/main/packages/plugin-react#consistent-components-exports
[2m23:26:21[22m [36m[1m[vite][22m[39m [90m[2m(client)[22m[39m [32mhmr update [39m[2m/src/app/App.tsx, /src/styles/index.css, /src/app/pages/DashboardPage.tsx, /src/app/pages/ConstraintsHistoryPage.tsx, /src/app/pages/BrandCalculationPage.tsx, /src/app/pages/HistoryPage.tsx, /src/app/pages/NewConstraintPage.tsx[22m
[2m23:26:22[22m [36m[1m[vite][22m[39m [90m[2m(client)[22m[39m [32mhmr update [39m[2m/src/app/context/HistoryContext.tsx, /src/styles/index.css[22m
[2m23:26:22[22m [36m[1m[vite][22m[39m [90m[2m(client)[22m[39m [33mhmr invalidate [39m[2m/src/app/context/HistoryContext.tsx[22m Could not Fast Refresh ("useHistory" export is incompatible). Learn more at https://github.com/vitejs/vite-plugin-react/tree/main/packages/plugin-react#consistent-components-exports
[2m23:26:22[22m [36m[1m[vite][22m[39m [90m[2m(client)[22m[39m [32mhmr update [39m[2m/src/app/App.tsx, /src/styles/index.css, /src/app/pages/DashboardPage.tsx, /src/app/pages/ConstraintsHistoryPage.tsx, /src/app/pages/BrandCalculationPage.tsx, /src/app/pages/HistoryPage.tsx, /src/app/pages/NewConstraintPage.tsx[22m
[2m23:26:27[22m [36m[1m[vite][22m[39m [90m[2m(client)[22m[39m [32mhmr update [39m[2m/src/app/context/HistoryContext.tsx, /src/styles/index.css[22m
[2m23:26:27[22m [36m[1m[vite][22m[39m [90m[2m(client)[22m[39m [33mhmr invalidate [39m[2m/src/app/context/HistoryContext.tsx[22m Could not Fast Refresh ("useHistory" export is incompatible). Learn more at https://github.com/vitejs/vite-plugin-react/tree/main/packages/plugin-react#consistent-components-exports
[2m23:26:27[22m [36m[1m[vite][22m[39m [90m[2m(client)[22m[39m [32mhmr update [39m[2m/src/app/App.tsx, /src/styles/index.css, /src/app/pages/DashboardPage.tsx, /src/app/pages/ConstraintsHistoryPage.tsx, /src/app/pages/BrandCalculationPage.tsx, /src/app/pages/HistoryPage.tsx, /src/app/pages/NewConstraintPage.tsx[22m
[2m23:26:41[22m [36m[1m[vite][22m[39m [90m[2m(client)[22m[39m [32mhmr update [39m[2m/src/app/context/ConstraintsContext.tsx, /src/styles/index.css[22m
[2m23:26:42[22m [36m[1m[vite][22m[39m [90m[2m(client)[22m[39m [33mhmr invalidate [39m[2m/src/app/context/ConstraintsContext.tsx[22m Could not Fast Refresh ("useConstraints" export is incompatible). Learn more at https://github.com/vitejs/vite-plugin-react/tree/main/packages/plugin-react#consistent-components-exports
[2m23:26:42[22m [36m[1m[vite][22m[39m [90m[2m(client)[22m[39m [32mhmr update [39m[2m/src/app/App.tsx, /src/styles/index.css, /src/app/pages/ConstraintsHistoryPage.tsx, /src/app/pages/ConstraintsPage.tsx, /src/app/pages/BrandCalculationPage.tsx, /src/app/pages/NewConstraintPage.tsx[22m
[2m23:26:55[22m [36m[1m[vite][22m[39m [90m[2m(client)[22m[39m [32mhmr update [39m[2m/src/app/context/ConstraintsContext.tsx, /src/styles/index.css[22m
[2m23:26:55[22m [36m[1m[vite][22m[39m [90m[2m(client)[22m[39m [33mhmr invalidate [39m[2m/src/app/context/ConstraintsContext.tsx[22m Could not Fast Refresh ("useConstraints" export is incompatible). Learn more at https://github.com/vitejs/vite-plugin-react/tree/main/packages/plugin-react#consistent-components-exports
[2m23:26:55[22m [36m[1m[vite][22m[39m [90m[2m(client)[22m[39m [32mhmr update [39m[2m/src/app/App.tsx, /src/styles/index.css, /src/app/pages/ConstraintsHistoryPage.tsx, /src/app/pages/ConstraintsPage.tsx, /src/app/pages/BrandCalculationPage.tsx, /src/app/pages/NewConstraintPage.tsx[22m
[2m23:27:14[22m [36m[1m[vite][22m[39m [90m[2m(client)[22m[39m [32mhmr update [39m[2m/src/app/context/PersonnelContext.tsx, /src/styles/index.css[22m
[2m23:27:14[22m [36m[1m[vite][22m[39m [90m[2m(client)[22m[39m [33mhmr invalidate [39m[2m/src/app/context/PersonnelContext.tsx[22m Could not Fast Refresh ("usePersonnel" export is incompatible). Learn more at https://github.com/vitejs/vite-plugin-react/tree/main/packages/plugin-react#consistent-components-exports
[2m23:27:14[22m [36m[1m[vite][22m[39m [90m[2m(client)[22m[39m [32mhmr update [39m[2m/src/app/App.tsx, /src/styles/index.css, /src/app/pages/PersonnelPage.tsx[22m
[2m23:27:25[22m [36m[1m[vite][22m[39m [90m[2m(client)[22m[39m [32mhmr update [39m[2m/src/app/context/PersonnelContext.tsx, /src/styles/index.css[22m
[2m23:27:25[22m [36m[1m[vite][22m[39m [90m[2m(client)[22m[39m [33mhmr invalidate [39m[2m/src/app/context/PersonnelContext.tsx[22m Could not Fast Refresh ("usePersonnel" export is incompatible). Learn more at https://github.com/vitejs/vite-plugin-react/tree/main/packages/plugin-react#consistent-components-exports
[2m23:27:25[22m [36m[1m[vite][22m[39m [90m[2m(client)[22m[39m [32mhmr update [39m[2m/src/app/App.tsx, /src/styles/index.css, /src/app/pages/PersonnelPage.tsx[22m
[2m23:27:27[22m [36m[1m[vite][22m[39m [90m[2m(client)[22m[39m [32mhmr update [39m[2m/src/app/context/PresenceContext.tsx, /src/styles/index.css[22m
[2m23:27:27[22m [36m[1m[vite][22m[39m [90m[2m(client)[22m[39m [33mhmr invalidate [39m[2m/src/app/context/PresenceContext.tsx[22m Could not Fast Refresh ("usePresence" export is incompatible). Learn more at https://github.com/vitejs/vite-plugin-react/tree/main/packages/plugin-react#consistent-components-exports
[2m23:27:27[22m [36m[1m[vite][22m[39m [90m[2m(client)[22m[39m [32mhmr update [39m[2m/src/app/App.tsx, /src/styles/index.css, /src/app/pages/PresencePage.tsx, /src/app/pages/PersonnelPage.tsx[22m
[2m23:27:30[22m [36m[1m[vite][22m[39m [90m[2m(client)[22m[39m [32mhmr update [39m[2m/src/app/context/PresenceContext.tsx, /src/styles/index.css[22m
[2m23:27:30[22m [36m[1m[vite][22m[39m [90m[2m(client)[22m[39m [33mhmr invalidate [39m[2m/src/app/context/PresenceContext.tsx[22m Could not Fast Refresh ("usePresence" export is incompatible). Learn more at https://github.com/vitejs/vite-plugin-react/tree/main/packages/plugin-react#consistent-components-exports
[2m23:27:30[22m [36m[1m[vite][22m[39m [90m[2m(client)[22m[39m [32mhmr update [39m[2m/src/app/App.tsx, /src/styles/index.css, /src/app/pages/PresencePage.tsx, /src/app/pages/PersonnelPage.tsx[22m
[2m23:27:33[22m [36m[1m[vite][22m[39m [90m[2m(client)[22m[39m [32mhmr update [39m[2m/src/app/context/PresenceContext.tsx, /src/styles/index.css[22m
[2m23:27:33[22m [36m[1m[vite][22m[39m [90m[2m(client)[22m[39m [33mhmr invalidate [39m[2m/src/app/context/PresenceContext.tsx[22m Could not Fast Refresh ("usePresence" export is incompatible). Learn more at https://github.com/vitejs/vite-plugin-react/tree/main/packages/plugin-react#consistent-components-exports
[2m23:27:33[22m [36m[1m[vite][22m[39m [90m[2m(client)[22m[39m [32mhmr update [39m[2m/src/app/App.tsx, /src/styles/index.css, /src/app/pages/PresencePage.tsx, /src/app/pages/PersonnelPage.tsx[22m
[2m23:29:23[22m [36m[1m[vite][22m[39m [90m[2m(client)[22m[39m [32mhmr update [39m[2m/src/app/App.tsx, /src/styles/index.css[22m
[2m23:29:25[22m [36m[1m[vite][22m[39m [90m[2m(client)[22m[39m [32mhmr update [39m[2m/src/app/App.tsx, /src/styles/index.css[22m
[2m23:29:40[22m [36m[1m[vite][22m[39m [90m[2m(client)[22m[39m [32mhmr update [39m[2m/src/app/components/Layout.tsx, /src/styles/index.css[22m
[2m23:29:42[22m [36m[1m[vite][22m[39m [90m[2m(client)[22m[39m [32mhmr update [39m[2m/src/app/components/Layout.tsx, /src/styles/index.css[22m
[2m00:07:39[22m [36m[1m[vite][22m[39m [90m[2m(client)[22m[39m [32mhmr update [39m[2m/src/app/context/HistoryContext.tsx, /src/styles/index.css, /src/app/context/ConstraintsContext.tsx[22m
[2m00:07:39[22m [36m[1m[vite][22m[39m [90m[2m(client)[22m[39m [33mhmr invalidate [39m[2m/src/app/context/HistoryContext.tsx[22m Could not Fast Refresh ("useHistory" export is incompatible). Learn more at https://github.com/vitejs/vite-plugin-react/tree/main/packages/plugin-react#consistent-components-exports
[2m00:07:39[22m [36m[1m[vite][22m[39m [90m[2m(client)[22m[39m [32mhmr update [39m[2m/src/app/App.tsx, /src/styles/index.css, /src/app/pages/DashboardPage.tsx, /src/app/pages/ConstraintsHistoryPage.tsx, /src/app/pages/BrandCalculationPage.tsx, /src/app/pages/HistoryPage.tsx, /src/app/pages/NewConstraintPage.tsx[22m
[2m00:07:39[22m [36m[1m[vite][22m[39m [90m[2m(client)[22m[39m [33mhmr invalidate [39m[2m/src/app/context/ConstraintsContext.tsx[22m Could not Fast Refresh ("useConstraints" export is incompatible). Learn more at https://github.com/vitejs/vite-plugin-react/tree/main/packages/plugin-react#consistent-components-exports
[2m00:07:39[22m [36m[1m[vite][22m[39m [90m[2m(client)[22m[39m [32mhmr update [39m[2m/src/app/App.tsx, /src/styles/index.css, /src/app/pages/ConstraintsHistoryPage.tsx, /src/app/pages/ConstraintsPage.tsx, /src/app/pages/BrandCalculationPage.tsx, /src/app/pages/NewConstraintPage.tsx[22m
[2m00:07:45[22m [36m[1m[vite][22m[39m [90m[2m(client)[22m[39m [32mhmr update [39m[2m/src/app/context/HistoryContext.tsx, /src/styles/index.css, /src/app/context/ConstraintsContext.tsx[22m
[2m00:07:45[22m [36m[1m[vite][22m[39m [90m[2m(client)[22m[39m [33mhmr invalidate [39m[2m/src/app/context/HistoryContext.tsx[22m Could not Fast Refresh ("useHistory" export is incompatible). Learn more at https://github.com/vitejs/vite-plugin-react/tree/main/packages/plugin-react#consistent-components-exports
[2m00:07:45[22m [36m[1m[vite][22m[39m [90m[2m(client)[22m[39m [32mhmr update [39m[2m/src/app/App.tsx, /src/styles/index.css, /src/app/pages/DashboardPage.tsx, /src/app/pages/ConstraintsHistoryPage.tsx, /src/app/pages/BrandCalculationPage.tsx, /src/app/pages/HistoryPage.tsx, /src/app/pages/NewConstraintPage.tsx[22m
[2m00:07:45[22m [36m[1m[vite][22m[39m [90m[2m(client)[22m[39m [33mhmr invalidate [39m[2m/src/app/context/ConstraintsContext.tsx[22m Could not Fast Refresh ("useConstraints" export is incompatible). Learn more at https://github.com/vitejs/vite-plugin-react/tree/main/packages/plugin-react#consistent-components-exports
[2m00:07:45[22m [36m[1m[vite][22m[39m [90m[2m(client)[22m[39m [32mhmr update [39m[2m/src/app/App.tsx, /src/styles/index.css, /src/app/pages/ConstraintsHistoryPage.tsx, /src/app/pages/ConstraintsPage.tsx, /src/app/pages/BrandCalculationPage.tsx, /src/app/pages/NewConstraintPage.tsx[22m
[2m00:07:59[22m [36m[1m[vite][22m[39m [90m[2m(client)[22m[39m [32mhmr update [39m[2m/src/app/pages/BrandCalculationPage.tsx, /src/styles/index.css[22m
[2m00:32:30[22m [36m[1m[vite][22m[39m [90m[2m(client)[22m[39m [32mhmr update [39m[2m/src/app/context/HistoryContext.tsx, /src/styles/index.css[22m
[2m00:32:31[22m [36m[1m[vite][22m[39m [90m[2m(client)[22m[39m [33mhmr invalidate [39m[2m/src/app/context/HistoryContext.tsx[22m Could not Fast Refresh ("useHistory" export is incompatible). Learn more at https://github.com/vitejs/vite-plugin-react/tree/main/packages/plugin-react#consistent-components-exports
[2m00:32:31[22m [36m[1m[vite][22m[39m [90m[2m(client)[22m[39m [32mhmr update [39m[2m/src/app/App.tsx, /src/styles/index.css, /src/app/pages/DashboardPage.tsx, /src/app/pages/ConstraintsHistoryPage.tsx, /src/app/pages/BrandCalculationPage.tsx, /src/app/pages/HistoryPage.tsx, /src/app/pages/NewConstraintPage.tsx[22m
[2m00:32:39[22m [36m[1m[vite][22m[39m [90m[2m(client)[22m[39m [32mhmr update [39m[2m/src/app/pages/HistoryPage.tsx, /src/styles/index.css[22m
[2m00:32:43[22m [36m[1m[vite][22m[39m [90m[2m(client)[22m[39m [32mhmr update [39m[2m/src/app/pages/HistoryPage.tsx, /src/styles/index.css[22m
[2m00:32:49[22m [36m[1m[vite][22m[39m [90m[2m(client)[22m[39m [32mhmr update [39m[2m/src/app/pages/PresencePage.tsx, /src/styles/index.css[22m
[2m00:32:53[22m [36m[1m[vite][22m[39m [90m[2m(client)[22m[39m [32mhmr update [39m[2m/src/app/pages/PresencePage.tsx, /src/styles/index.css[22m
[2m00:32:59[22m [36m[1m[vite][22m[39m [90m[2m(client)[22m[39m [32mhmr update [39m[2m/src/app/pages/Login.tsx, /src/styles/index.css[22m
[2m00:33:09[22m [36m[1m[vite][22m[39m [90m[2m(client)[22m[39m [32mhmr update [39m[2m/src/app/context/HistoryContext.tsx, /src/styles/index.css[22m
[2m00:33:09[22m [36m[1m[vite][22m[39m [90m[2m(client)[22m[39m [33mhmr invalidate [39m[2m/src/app/context/HistoryContext.tsx[22m Could not Fast Refresh ("useHistory" export is incompatible). Learn more at https://github.com/vitejs/vite-plugin-react/tree/main/packages/plugin-react#consistent-components-exports
[2m00:33:09[22m [36m[1m[vite][22m[39m [90m[2m(client)[22m[39m [32mhmr update [39m[2m/src/app/App.tsx, /src/styles/index.css, /src/app/pages/DashboardPage.tsx, /src/app/pages/ConstraintsHistoryPage.tsx, /src/app/pages/BrandCalculationPage.tsx, /src/app/pages/HistoryPage.tsx, /src/app/pages/NewConstraintPage.tsx[22m
[2m00:33:14[22m [36m[1m[vite][22m[39m [90m[2m(client)[22m[39m [32mhmr update [39m[2m/src/app/pages/BrandCalculationPage.tsx, /src/styles/index.css[22m
[2m00:33:25[22m [36m[1m[vite][22m[39m [90m[2m(client)[22m[39m [32mhmr update [39m[2m/src/app/pages/CalculationPage.tsx, /src/styles/index.css[22m
[2m00:33:40[22m [36m[1m[vite][22m[39m [90m[2m(client)[22m[39m [32mhmr update [39m[2m/src/app/pages/CalculationPage.tsx, /src/styles/index.css[22m
[2m00:33:42[22m [36m[1m[vite][22m[39m [90m[2m(client)[22m[39m [32mhmr update [39m[2m/src/app/pages/CalculationPage.tsx, /src/styles/index.css[22m
[2m00:33:50[22m [36m[1m[vite][22m[39m [90m[2m(client)[22m[39m [32mhmr update [39m[2m/src/app/context/UserContext.tsx, /src/styles/index.css[22m
[2m00:33:51[22m [36m[1m[vite][22m[39m [90m[2m(client)[22m[39m [33mhmr invalidate [39m[2m/src/app/context/UserContext.tsx[22m Could not Fast Refresh ("AVAILABLE_USERS" export is incompatible). Learn more at https://github.com/vitejs/vite-plugin-react/tree/main/packages/plugin-react#consistent-components-exports
[2m00:33:51[22m [36m[1m[vite][22m[39m [90m[2m(client)[22m[39m [32mhmr update [39m[2m/src/app/App.tsx, /src/styles/index.css, /src/app/context/PersonnelContext.tsx, /src/app/context/ConstraintsContext.tsx, /src/app/pages/Login.tsx, /src/app/components/Layout.tsx, /src/app/pages/PersonnelPage.tsx[22m
[2m00:33:51[22m [36m[1m[vite][22m[39m [90m[2m(client)[22m[39m [33mhmr invalidate [39m[2m/src/app/context/PersonnelContext.tsx[22m Could not Fast Refresh ("usePersonnel" export is incompatible). Learn more at https://github.com/vitejs/vite-plugin-react/tree/main/packages/plugin-react#consistent-components-exports
[2m00:33:51[22m [36m[1m[vite][22m[39m [90m[2m(client)[22m[39m [32mhmr update [39m[2m/src/app/App.tsx, /src/styles/index.css, /src/app/pages/PersonnelPage.tsx[22m
[2m00:33:51[22m [36m[1m[vite][22m[39m [90m[2m(client)[22m[39m [33mhmr invalidate [39m[2m/src/app/context/ConstraintsContext.tsx[22m Could not Fast Refresh ("useConstraints" export is incompatible). Learn more at https://github.com/vitejs/vite-plugin-react/tree/main/packages/plugin-react#consistent-components-exports
[2m00:33:51[22m [36m[1m[vite][22m[39m [90m[2m(client)[22m[39m [32mhmr update [39m[2m/src/app/App.tsx, /src/styles/index.css, /src/app/pages/ConstraintsHistoryPage.tsx, /src/app/pages/ConstraintsPage.tsx, /src/app/pages/BrandCalculationPage.tsx, /src/app/pages/NewConstraintPage.tsx[22m
