[INFO] Scanning for projects...
[INFO] 
[INFO] -----------------------< com.abcdis:api-gateway >-----------------------
[INFO] Building API Gateway - Passerelle Centrale 1.0.0
[INFO]   from pom.xml
[INFO] --------------------------------[ jar ]---------------------------------
[INFO] 
[INFO] >>> spring-boot:3.2.4:run (default-cli) > test-compile @ api-gateway >>>
[INFO] 
[INFO] --- resources:3.3.1:resources (default-resources) @ api-gateway ---
[INFO] Copying 1 resource from src\main\resources to target\classes
[INFO] Copying 0 resource from src\main\resources to target\classes
[INFO] 
[INFO] --- compiler:3.11.0:compile (default-compile) @ api-gateway ---
[INFO] Nothing to compile - all classes are up to date
[INFO] 
[INFO] --- resources:3.3.1:testResources (default-testResources) @ api-gateway ---
[INFO] skip non existing resourceDirectory C:\Projets\RH-Commission\backend-microservices\api-gateway\src\test\resources
[INFO] 
[INFO] --- compiler:3.11.0:testCompile (default-testCompile) @ api-gateway ---
[INFO] No sources to compile
[INFO] 
[INFO] <<< spring-boot:3.2.4:run (default-cli) < test-compile @ api-gateway <<<
[INFO] 
[INFO] 
[INFO] --- spring-boot:3.2.4:run (default-cli) @ api-gateway ---
[INFO] Attaching agents: []

  .   ____          _            __ _ _
 /\\ / ___'_ __ _ _(_)_ __  __ _ \ \ \ \
( ( )\___ | '_ | '_| | '_ \/ _` | \ \ \ \
 \\/  ___)| |_)| | | | | || (_| |  ) ) ) )
  '  |____| .__|_| |_|_| |_\__, | / / / /
 =========|_|==============|___/=/_/_/_/
 :: Spring Boot ::                (v3.2.4)

2026-05-19T20:07:22.178+01:00  INFO 20256 --- [api-gateway] [           main] c.abcdis.gateway.ApiGatewayApplication   : Starting ApiGatewayApplication using Java 17.0.12 with PID 20256 (C:\Projets\RH-Commission\backend-microservices\api-gateway\target\classes started by yassi in C:\Projets\RH-Commission\backend-microservices\api-gateway)
2026-05-19T20:07:22.182+01:00 DEBUG 20256 --- [api-gateway] [           main] c.abcdis.gateway.ApiGatewayApplication   : Running with Spring Boot v3.2.4, Spring v6.1.5
2026-05-19T20:07:22.184+01:00  INFO 20256 --- [api-gateway] [           main] c.abcdis.gateway.ApiGatewayApplication   : No active profile set, falling back to 1 default profile: "default"
2026-05-19T20:07:23.178+01:00  INFO 20256 --- [api-gateway] [           main] o.s.b.w.embedded.tomcat.TomcatWebServer  : Tomcat initialized with port 8080 (http)
2026-05-19T20:07:23.191+01:00  INFO 20256 --- [api-gateway] [           main] o.apache.catalina.core.StandardService   : Starting service [Tomcat]
2026-05-19T20:07:23.191+01:00  INFO 20256 --- [api-gateway] [           main] o.apache.catalina.core.StandardEngine    : Starting Servlet engine: [Apache Tomcat/10.1.19]
2026-05-19T20:07:23.253+01:00  INFO 20256 --- [api-gateway] [           main] o.a.c.c.C.[Tomcat].[localhost].[/]       : Initializing Spring embedded WebApplicationContext
2026-05-19T20:07:23.255+01:00  INFO 20256 --- [api-gateway] [           main] w.s.c.ServletWebServerApplicationContext : Root WebApplicationContext: initialization completed in 1019 ms
2026-05-19T20:07:23.678+01:00  INFO 20256 --- [api-gateway] [           main] o.s.b.a.e.web.EndpointLinksResolver      : Exposing 2 endpoint(s) beneath base path '/actuator'
2026-05-19T20:07:23.737+01:00  INFO 20256 --- [api-gateway] [           main] o.s.b.w.embedded.tomcat.TomcatWebServer  : Tomcat started on port 8080 (http) with context path ''
2026-05-19T20:07:23.748+01:00  INFO 20256 --- [api-gateway] [           main] c.abcdis.gateway.ApiGatewayApplication   : Started ApiGatewayApplication in 2.46 seconds (process running for 3.325)
2026-05-19T20:07:36.689+01:00  INFO 20256 --- [api-gateway] [nio-8080-exec-1] o.a.c.c.C.[Tomcat].[localhost].[/]       : Initializing Spring DispatcherServlet 'dispatcherServlet'
2026-05-19T20:07:36.689+01:00  INFO 20256 --- [api-gateway] [nio-8080-exec-1] o.s.web.servlet.DispatcherServlet        : Initializing Servlet 'dispatcherServlet'
2026-05-19T20:07:36.690+01:00  INFO 20256 --- [api-gateway] [nio-8080-exec-1] o.s.web.servlet.DispatcherServlet        : Completed initialization in 0 ms
