
  .   ____          _            __ _ _
 /\\ / ___'_ __ _ _(_)_ __  __ _ \ \ \ \
( ( )\___ | '_ | '_| | '_ \/ _` | \ \ \ \
 \\/  ___)| |_)| | | | | || (_| |  ) ) ) )
  '  |____| .__|_| |_|_| |_\__, | / / / /
 =========|_|==============|___/=/_/_/_/
 :: Spring Boot ::                (v3.2.4)

2026-05-21T00:31:37.019+01:00  INFO 35268 --- [service-personnel] [           main] c.a.p.PersonnelServiceApplication        : Starting PersonnelServiceApplication v1.0.0 using Java 17.0.12 with PID 35268 (C:\Projets\RH-Commission\backend-microservices\service-personnel\target\service-personnel-1.0.0.jar started by yassi in C:\Users\yassi)
2026-05-21T00:31:37.025+01:00 DEBUG 35268 --- [service-personnel] [           main] c.a.p.PersonnelServiceApplication        : Running with Spring Boot v3.2.4, Spring v6.1.5
2026-05-21T00:31:37.025+01:00  INFO 35268 --- [service-personnel] [           main] c.a.p.PersonnelServiceApplication        : No active profile set, falling back to 1 default profile: "default"
2026-05-21T00:31:40.003+01:00  INFO 35268 --- [service-personnel] [           main] .s.d.r.c.RepositoryConfigurationDelegate : Bootstrapping Spring Data JPA repositories in DEFAULT mode.
2026-05-21T00:31:40.186+01:00  INFO 35268 --- [service-personnel] [           main] .s.d.r.c.RepositoryConfigurationDelegate : Finished Spring Data repository scanning in 161 ms. Found 1 JPA repository interface.
2026-05-21T00:31:42.039+01:00  INFO 35268 --- [service-personnel] [           main] o.s.b.w.embedded.tomcat.TomcatWebServer  : Tomcat initialized with port 8082 (http)
2026-05-21T00:31:42.065+01:00  INFO 35268 --- [service-personnel] [           main] o.apache.catalina.core.StandardService   : Starting service [Tomcat]
2026-05-21T00:31:42.065+01:00  INFO 35268 --- [service-personnel] [           main] o.apache.catalina.core.StandardEngine    : Starting Servlet engine: [Apache Tomcat/10.1.19]
2026-05-21T00:31:42.170+01:00  INFO 35268 --- [service-personnel] [           main] o.a.c.c.C.[Tomcat].[localhost].[/]       : Initializing Spring embedded WebApplicationContext
2026-05-21T00:31:42.171+01:00  INFO 35268 --- [service-personnel] [           main] w.s.c.ServletWebServerApplicationContext : Root WebApplicationContext: initialization completed in 4962 ms
2026-05-21T00:31:43.107+01:00  INFO 35268 --- [service-personnel] [           main] o.hibernate.jpa.internal.util.LogHelper  : HHH000204: Processing PersistenceUnitInfo [name: default]
2026-05-21T00:31:43.282+01:00  INFO 35268 --- [service-personnel] [           main] org.hibernate.Version                    : HHH000412: Hibernate ORM core version 6.4.4.Final
2026-05-21T00:31:43.387+01:00  INFO 35268 --- [service-personnel] [           main] o.h.c.internal.RegionFactoryInitiator    : HHH000026: Second-level cache disabled
2026-05-21T00:31:44.072+01:00  INFO 35268 --- [service-personnel] [           main] o.s.o.j.p.SpringPersistenceUnitInfo      : No LoadTimeWeaver setup: ignoring JPA class transformer
2026-05-21T00:31:44.138+01:00  INFO 35268 --- [service-personnel] [           main] com.zaxxer.hikari.HikariDataSource       : HikariPool-1 - Starting...
2026-05-21T00:31:44.844+01:00  INFO 35268 --- [service-personnel] [           main] com.zaxxer.hikari.pool.HikariPool        : HikariPool-1 - Added connection ConnectionID:1 ClientConnectionId: 371ee54c-0b13-47a4-ac1c-ce4cabff3b58
2026-05-21T00:31:44.848+01:00  INFO 35268 --- [service-personnel] [           main] com.zaxxer.hikari.HikariDataSource       : HikariPool-1 - Start completed.
2026-05-21T00:31:44.919+01:00  WARN 35268 --- [service-personnel] [           main] org.hibernate.orm.deprecation            : HHH90000025: SQLServerDialect does not need to be specified explicitly using 'hibernate.dialect' (remove the property setting and it will be selected by default)
2026-05-21T00:31:48.065+01:00  INFO 35268 --- [service-personnel] [           main] o.h.e.t.j.p.i.JtaPlatformInitiator       : HHH000489: No JTA platform available (set 'hibernate.transaction.jta.platform' to enable JTA platform integration)
2026-05-21T00:31:48.931+01:00  INFO 35268 --- [service-personnel] [           main] j.LocalContainerEntityManagerFactoryBean : Initialized JPA EntityManagerFactory for persistence unit 'default'
2026-05-21T00:31:49.940+01:00  INFO 35268 --- [service-personnel] [           main] o.s.d.j.r.query.QueryEnhancerFactory     : Hibernate is in classpath; If applicable, HQL parser will be used.
2026-05-21T00:31:51.169+01:00  WARN 35268 --- [service-personnel] [           main] JpaBaseConfiguration$JpaWebConfiguration : spring.jpa.open-in-view is enabled by default. Therefore, database queries may be performed during view rendering. Explicitly configure spring.jpa.open-in-view to disable this warning
2026-05-21T00:31:52.627+01:00  INFO 35268 --- [service-personnel] [           main] o.s.b.a.e.web.EndpointLinksResolver      : Exposing 2 endpoint(s) beneath base path '/actuator'
2026-05-21T00:31:52.833+01:00  INFO 35268 --- [service-personnel] [           main] o.s.b.w.embedded.tomcat.TomcatWebServer  : Tomcat started on port 8082 (http) with context path ''
2026-05-21T00:31:52.860+01:00  INFO 35268 --- [service-personnel] [           main] c.a.p.PersonnelServiceApplication        : Started PersonnelServiceApplication in 16.58 seconds (process running for 17.131)
????????????????????????????????????????????
?  Service PERSONNEL démarré sur port 8082 ?
?  /api/personnel ? Gestion des employés   ?
????????????????????????????????????????????
2026-05-21T00:32:31.975+01:00  INFO 35268 --- [service-personnel] [nio-8082-exec-1] o.a.c.c.C.[Tomcat].[localhost].[/]       : Initializing Spring DispatcherServlet 'dispatcherServlet'
2026-05-21T00:32:31.975+01:00  INFO 35268 --- [service-personnel] [nio-8082-exec-1] o.s.web.servlet.DispatcherServlet        : Initializing Servlet 'dispatcherServlet'
2026-05-21T00:32:31.978+01:00  INFO 35268 --- [service-personnel] [nio-8082-exec-1] o.s.web.servlet.DispatcherServlet        : Completed initialization in 2 ms
Hibernate: 
    select
        p1_0.id,
        p1_0.actif,
        p1_0.carte,
        p1_0.fonction,
        p1_0.matricule,
        p1_0.nature_contrat,
        p1_0.nom,
        p1_0.numero,
        p1_0.prenom,
        p1_0.role,
        p1_0.ville 
    from
        personnel p1_0
Hibernate: 
    select
        p1_0.id,
        p1_0.actif,
        p1_0.carte,
        p1_0.fonction,
        p1_0.matricule,
        p1_0.nature_contrat,
        p1_0.nom,
        p1_0.numero,
        p1_0.prenom,
        p1_0.role,
        p1_0.ville 
    from
        personnel p1_0
Hibernate: 
    select
        count_big(*) 
    from
        personnel p1_0
Hibernate: 
    select
        count_big(p1_0.id) 
    from
        personnel p1_0 
    where
        p1_0.actif=1
Hibernate: 
    select
        count_big(p1_0.id) 
    from
        personnel p1_0 
    where
        p1_0.actif=0
Hibernate: 
    select
        p1_0.id,
        p1_0.actif,
        p1_0.carte,
        p1_0.fonction,
        p1_0.matricule,
        p1_0.nature_contrat,
        p1_0.nom,
        p1_0.numero,
        p1_0.prenom,
        p1_0.role,
        p1_0.ville 
    from
        personnel p1_0
Hibernate: 
    select
        p1_0.id,
        p1_0.actif,
        p1_0.carte,
        p1_0.fonction,
        p1_0.matricule,
        p1_0.nature_contrat,
        p1_0.nom,
        p1_0.numero,
        p1_0.prenom,
        p1_0.role,
        p1_0.ville 
    from
        personnel p1_0
Hibernate: 
    select
        count_big(*) 
    from
        personnel p1_0
Hibernate: 
    select
        count_big(p1_0.id) 
    from
        personnel p1_0 
    where
        p1_0.actif=1
Hibernate: 
    select
        count_big(p1_0.id) 
    from
        personnel p1_0 
    where
        p1_0.actif=0
Hibernate: 
    select
        p1_0.id,
        p1_0.actif,
        p1_0.carte,
        p1_0.fonction,
        p1_0.matricule,
        p1_0.nature_contrat,
        p1_0.nom,
        p1_0.numero,
        p1_0.prenom,
        p1_0.role,
        p1_0.ville 
    from
        personnel p1_0
Hibernate: 
    select
        p1_0.id,
        p1_0.actif,
        p1_0.carte,
        p1_0.fonction,
        p1_0.matricule,
        p1_0.nature_contrat,
        p1_0.nom,
        p1_0.numero,
        p1_0.prenom,
        p1_0.role,
        p1_0.ville 
    from
        personnel p1_0
Hibernate: 
    select
        count_big(*) 
    from
        personnel p1_0
Hibernate: 
    select
        count_big(p1_0.id) 
    from
        personnel p1_0 
    where
        p1_0.actif=1
Hibernate: 
    select
        count_big(p1_0.id) 
    from
        personnel p1_0 
    where
        p1_0.actif=0
2026-05-21T00:46:37.145+01:00  WARN 35268 --- [service-personnel] [l-1 housekeeper] com.zaxxer.hikari.pool.HikariPool        : HikariPool-1 - Thread starvation or clock leap detected (housekeeper delta=11m22s109ms798µs500ns).
Hibernate: 
    select
        p1_0.id,
        p1_0.actif,
        p1_0.carte,
        p1_0.fonction,
        p1_0.matricule,
        p1_0.nature_contrat,
        p1_0.nom,
        p1_0.numero,
        p1_0.prenom,
        p1_0.role,
        p1_0.ville 
    from
        personnel p1_0
Hibernate: 
    select
        p1_0.id,
        p1_0.actif,
        p1_0.carte,
        p1_0.fonction,
        p1_0.matricule,
        p1_0.nature_contrat,
        p1_0.nom,
        p1_0.numero,
        p1_0.prenom,
        p1_0.role,
        p1_0.ville 
    from
        personnel p1_0 
    where
        p1_0.actif=1
Hibernate: 
    select
        count_big(*) 
    from
        personnel p1_0
Hibernate: 
    select
        count_big(p1_0.id) 
    from
        personnel p1_0 
    where
        p1_0.actif=1
Hibernate: 
    select
        count_big(p1_0.id) 
    from
        personnel p1_0 
    where
        p1_0.actif=0
Hibernate: 
    select
        p1_0.id,
        p1_0.actif,
        p1_0.carte,
        p1_0.fonction,
        p1_0.matricule,
        p1_0.nature_contrat,
        p1_0.nom,
        p1_0.numero,
        p1_0.prenom,
        p1_0.role,
        p1_0.ville 
    from
        personnel p1_0 
    where
        lower(p1_0.nom) like lower(('%'+?+'%')) 
        or lower(p1_0.prenom) like lower(('%'+?+'%'))
Hibernate: 
    select
        p1_0.id,
        p1_0.actif,
        p1_0.carte,
        p1_0.fonction,
        p1_0.matricule,
        p1_0.nature_contrat,
        p1_0.nom,
        p1_0.numero,
        p1_0.prenom,
        p1_0.role,
        p1_0.ville 
    from
        personnel p1_0 
    where
        p1_0.carte=?
Hibernate: 
    select
        p1_0.id,
        p1_0.actif,
        p1_0.carte,
        p1_0.fonction,
        p1_0.matricule,
        p1_0.nature_contrat,
        p1_0.nom,
        p1_0.numero,
        p1_0.prenom,
        p1_0.role,
        p1_0.ville 
    from
        personnel p1_0 
    where
        p1_0.ville=?
Hibernate: 
    select
        p1_0.id,
        p1_0.actif,
        p1_0.carte,
        p1_0.fonction,
        p1_0.matricule,
        p1_0.nature_contrat,
        p1_0.nom,
        p1_0.numero,
        p1_0.prenom,
        p1_0.role,
        p1_0.ville 
    from
        personnel p1_0 
    where
        p1_0.nature_contrat=?
Hibernate: 
    select
        p1_0.id,
        p1_0.actif,
        p1_0.carte,
        p1_0.fonction,
        p1_0.matricule,
        p1_0.nature_contrat,
        p1_0.nom,
        p1_0.numero,
        p1_0.prenom,
        p1_0.role,
        p1_0.ville 
    from
        personnel p1_0 
    where
        p1_0.id=?
2026-05-21T00:52:06.734+01:00  WARN 35268 --- [service-personnel] [nio-8082-exec-9] c.a.p.exception.GlobalExceptionHandler   : Validation failed: nom: Le nom est obligatoire
Hibernate: 
    select
        top (?) p1_0.id 
    from
        personnel p1_0 
    where
        p1_0.matricule=?
Hibernate: 
    insert 
    into
        personnel
        (actif, carte, fonction, matricule, nature_contrat, nom, numero, prenom, role, ville) 
    values
        (?, ?, ?, ?, ?, ?, ?, ?, ?, ?)
Hibernate: 
    select
        p1_0.id,
        p1_0.actif,
        p1_0.carte,
        p1_0.fonction,
        p1_0.matricule,
        p1_0.nature_contrat,
        p1_0.nom,
        p1_0.numero,
        p1_0.prenom,
        p1_0.role,
        p1_0.ville 
    from
        personnel p1_0 
    where
        p1_0.id=?
Hibernate: 
    update
        personnel 
    set
        actif=?,
        carte=?,
        fonction=?,
        matricule=?,
        nature_contrat=?,
        nom=?,
        numero=?,
        prenom=?,
        role=?,
        ville=? 
    where
        id=?
Hibernate: 
    select
        p1_0.id,
        p1_0.actif,
        p1_0.carte,
        p1_0.fonction,
        p1_0.matricule,
        p1_0.nature_contrat,
        p1_0.nom,
        p1_0.numero,
        p1_0.prenom,
        p1_0.role,
        p1_0.ville 
    from
        personnel p1_0 
    where
        p1_0.id=?
Hibernate: 
    update
        personnel 
    set
        actif=?,
        carte=?,
        fonction=?,
        matricule=?,
        nature_contrat=?,
        nom=?,
        numero=?,
        prenom=?,
        role=?,
        ville=? 
    where
        id=?
Hibernate: 
    select
        p1_0.id,
        p1_0.actif,
        p1_0.carte,
        p1_0.fonction,
        p1_0.matricule,
        p1_0.nature_contrat,
        p1_0.nom,
        p1_0.numero,
        p1_0.prenom,
        p1_0.role,
        p1_0.ville 
    from
        personnel p1_0 
    where
        p1_0.id=?
Hibernate: 
    update
        personnel 
    set
        actif=?,
        carte=?,
        fonction=?,
        matricule=?,
        nature_contrat=?,
        nom=?,
        numero=?,
        prenom=?,
        role=?,
        ville=? 
    where
        id=?
Hibernate: 
    select
        count_big(*) 
    from
        personnel p1_0 
    where
        p1_0.id=?
Hibernate: 
    select
        p1_0.id,
        p1_0.actif,
        p1_0.carte,
        p1_0.fonction,
        p1_0.matricule,
        p1_0.nature_contrat,
        p1_0.nom,
        p1_0.numero,
        p1_0.prenom,
        p1_0.role,
        p1_0.ville 
    from
        personnel p1_0 
    where
        p1_0.id=?
Hibernate: 
    delete 
    from
        personnel 
    where
        id=?
2026-05-21T05:59:56.309+01:00  WARN 35268 --- [service-personnel] [l-1 housekeeper] com.zaxxer.hikari.pool.HikariPool        : HikariPool-1 - Thread starvation or clock leap detected (housekeeper delta=4h57m48s971ms387µs701ns).
2026-05-21T19:35:13.021+01:00  WARN 35268 --- [service-personnel] [l-1 housekeeper] com.zaxxer.hikari.pool.HikariPool        : HikariPool-1 - Thread starvation or clock leap detected (housekeeper delta=13h35m16s711ms8µs300ns).
2026-05-21T19:45:31.251+01:00  WARN 35268 --- [service-personnel] [l-1 housekeeper] com.zaxxer.hikari.pool.HikariPool        : HikariPool-1 - Thread starvation or clock leap detected (housekeeper delta=46s313ms834µs300ns).
Hibernate: 
    select
        p1_0.id,
        p1_0.actif,
        p1_0.carte,
        p1_0.fonction,
        p1_0.matricule,
        p1_0.nature_contrat,
        p1_0.nom,
        p1_0.numero,
        p1_0.prenom,
        p1_0.role,
        p1_0.ville 
    from
        personnel p1_0
Hibernate: 
    select
        p1_0.id,
        p1_0.actif,
        p1_0.carte,
        p1_0.fonction,
        p1_0.matricule,
        p1_0.nature_contrat,
        p1_0.nom,
        p1_0.numero,
        p1_0.prenom,
        p1_0.role,
        p1_0.ville 
    from
        personnel p1_0
Hibernate: 
    select
        count_big(*) 
    from
        personnel p1_0
Hibernate: 
    select
        count_big(p1_0.id) 
    from
        personnel p1_0 
    where
        p1_0.actif=1
Hibernate: 
    select
        count_big(p1_0.id) 
    from
        personnel p1_0 
    where
        p1_0.actif=0
2026-05-21T21:35:46.355+01:00  WARN 35268 --- [service-personnel] [l-1 housekeeper] com.zaxxer.hikari.pool.HikariPool        : HikariPool-1 - Thread starvation or clock leap detected (housekeeper delta=1h19m14s684ms388µs900ns).
2026-05-21T21:42:02.937+01:00  WARN 35268 --- [service-personnel] [l-1 housekeeper] com.zaxxer.hikari.pool.HikariPool        : HikariPool-1 - Thread starvation or clock leap detected (housekeeper delta=6m16s582ms749µs400ns).
2026-05-21T22:41:32.800+01:00  WARN 35268 --- [service-personnel] [l-1 housekeeper] com.zaxxer.hikari.pool.HikariPool        : HikariPool-1 - Thread starvation or clock leap detected (housekeeper delta=34m59s631ms241µs100ns).
