[INFO] Scanning for projects...
[INFO] 
[INFO] --------------------< com.abcdis:service-personnel >--------------------
[INFO] Building Service Personnel - Gestion des Employés 1.0.0
[INFO]   from pom.xml
[INFO] --------------------------------[ jar ]---------------------------------
[INFO] 
[INFO] >>> spring-boot:3.2.4:run (default-cli) > test-compile @ service-personnel >>>
[INFO] 
[INFO] --- resources:3.3.1:resources (default-resources) @ service-personnel ---
[INFO] Copying 1 resource from src\main\resources to target\classes
[INFO] Copying 0 resource from src\main\resources to target\classes
[INFO] 
[INFO] --- compiler:3.11.0:compile (default-compile) @ service-personnel ---
[INFO] Nothing to compile - all classes are up to date
[INFO] 
[INFO] --- resources:3.3.1:testResources (default-testResources) @ service-personnel ---
[INFO] skip non existing resourceDirectory C:\Projets\RH-Commission\backend-microservices\service-personnel\src\test\resources
[INFO] 
[INFO] --- compiler:3.11.0:testCompile (default-testCompile) @ service-personnel ---
[INFO] No sources to compile
[INFO] 
[INFO] <<< spring-boot:3.2.4:run (default-cli) < test-compile @ service-personnel <<<
[INFO] 
[INFO] 
[INFO] --- spring-boot:3.2.4:run (default-cli) @ service-personnel ---
[INFO] Attaching agents: []

  .   ____          _            __ _ _
 /\\ / ___'_ __ _ _(_)_ __  __ _ \ \ \ \
( ( )\___ | '_ | '_| | '_ \/ _` | \ \ \ \
 \\/  ___)| |_)| | | | | || (_| |  ) ) ) )
  '  |____| .__|_| |_|_| |_\__, | / / / /
 =========|_|==============|___/=/_/_/_/
 :: Spring Boot ::                (v3.2.4)

2026-05-19T19:35:35.843+01:00  INFO 23884 --- [service-personnel] [           main] c.a.p.PersonnelServiceApplication        : Starting PersonnelServiceApplication using Java 17.0.12 with PID 23884 (C:\Projets\RH-Commission\backend-microservices\service-personnel\target\classes started by yassi in C:\Projets\RH-Commission\backend-microservices\service-personnel)
2026-05-19T19:35:35.851+01:00 DEBUG 23884 --- [service-personnel] [           main] c.a.p.PersonnelServiceApplication        : Running with Spring Boot v3.2.4, Spring v6.1.5
2026-05-19T19:35:35.855+01:00  INFO 23884 --- [service-personnel] [           main] c.a.p.PersonnelServiceApplication        : No active profile set, falling back to 1 default profile: "default"
2026-05-19T19:35:38.297+01:00  INFO 23884 --- [service-personnel] [           main] .s.d.r.c.RepositoryConfigurationDelegate : Bootstrapping Spring Data JPA repositories in DEFAULT mode.
2026-05-19T19:35:38.431+01:00  INFO 23884 --- [service-personnel] [           main] .s.d.r.c.RepositoryConfigurationDelegate : Finished Spring Data repository scanning in 103 ms. Found 1 JPA repository interface.
2026-05-19T19:35:40.016+01:00  INFO 23884 --- [service-personnel] [           main] o.s.b.w.embedded.tomcat.TomcatWebServer  : Tomcat initialized with port 8082 (http)
2026-05-19T19:35:40.048+01:00  INFO 23884 --- [service-personnel] [           main] o.apache.catalina.core.StandardService   : Starting service [Tomcat]
2026-05-19T19:35:40.049+01:00  INFO 23884 --- [service-personnel] [           main] o.apache.catalina.core.StandardEngine    : Starting Servlet engine: [Apache Tomcat/10.1.19]
2026-05-19T19:35:40.215+01:00  INFO 23884 --- [service-personnel] [           main] o.a.c.c.C.[Tomcat].[localhost].[/]       : Initializing Spring embedded WebApplicationContext
2026-05-19T19:35:40.221+01:00  INFO 23884 --- [service-personnel] [           main] w.s.c.ServletWebServerApplicationContext : Root WebApplicationContext: initialization completed in 4226 ms
2026-05-19T19:35:41.063+01:00  INFO 23884 --- [service-personnel] [           main] o.hibernate.jpa.internal.util.LogHelper  : HHH000204: Processing PersistenceUnitInfo [name: default]
2026-05-19T19:35:41.193+01:00  INFO 23884 --- [service-personnel] [           main] org.hibernate.Version                    : HHH000412: Hibernate ORM core version 6.4.4.Final
2026-05-19T19:35:41.282+01:00  INFO 23884 --- [service-personnel] [           main] o.h.c.internal.RegionFactoryInitiator    : HHH000026: Second-level cache disabled
2026-05-19T19:35:41.876+01:00  INFO 23884 --- [service-personnel] [           main] o.s.o.j.p.SpringPersistenceUnitInfo      : No LoadTimeWeaver setup: ignoring JPA class transformer
2026-05-19T19:35:41.950+01:00  INFO 23884 --- [service-personnel] [           main] com.zaxxer.hikari.HikariDataSource       : HikariPool-1 - Starting...
2026-05-19T19:35:42.607+01:00  INFO 23884 --- [service-personnel] [           main] com.zaxxer.hikari.pool.HikariPool        : HikariPool-1 - Added connection ConnectionID:1 ClientConnectionId: dd442f1b-0fdf-47f6-9745-fe87baecf356
2026-05-19T19:35:42.612+01:00  INFO 23884 --- [service-personnel] [           main] com.zaxxer.hikari.HikariDataSource       : HikariPool-1 - Start completed.
2026-05-19T19:35:42.685+01:00  WARN 23884 --- [service-personnel] [           main] org.hibernate.orm.deprecation            : HHH90000025: SQLServerDialect does not need to be specified explicitly using 'hibernate.dialect' (remove the property setting and it will be selected by default)
2026-05-19T19:35:44.889+01:00  INFO 23884 --- [service-personnel] [           main] o.h.e.t.j.p.i.JtaPlatformInitiator       : HHH000489: No JTA platform available (set 'hibernate.transaction.jta.platform' to enable JTA platform integration)
2026-05-19T19:35:45.449+01:00  INFO 23884 --- [service-personnel] [           main] j.LocalContainerEntityManagerFactoryBean : Initialized JPA EntityManagerFactory for persistence unit 'default'
2026-05-19T19:35:46.188+01:00  INFO 23884 --- [service-personnel] [           main] o.s.d.j.r.query.QueryEnhancerFactory     : Hibernate is in classpath; If applicable, HQL parser will be used.
2026-05-19T19:35:47.120+01:00  WARN 23884 --- [service-personnel] [           main] JpaBaseConfiguration$JpaWebConfiguration : spring.jpa.open-in-view is enabled by default. Therefore, database queries may be performed during view rendering. Explicitly configure spring.jpa.open-in-view to disable this warning
2026-05-19T19:35:48.291+01:00  INFO 23884 --- [service-personnel] [           main] o.s.b.a.e.web.EndpointLinksResolver      : Exposing 2 endpoint(s) beneath base path '/actuator'
2026-05-19T19:35:48.431+01:00  INFO 23884 --- [service-personnel] [           main] o.s.b.w.embedded.tomcat.TomcatWebServer  : Tomcat started on port 8082 (http) with context path ''
2026-05-19T19:35:48.450+01:00  INFO 23884 --- [service-personnel] [           main] c.a.p.PersonnelServiceApplication        : Started PersonnelServiceApplication in 13.41 seconds (process running for 14.111)
????????????????????????????????????????????
?  Service PERSONNEL démarré sur port 8082 ?
?  /api/personnel ? Gestion des employés   ?
????????????????????????????????????????????
2026-05-19T19:37:20.626+01:00  INFO 23884 --- [service-personnel] [nio-8082-exec-1] o.a.c.c.C.[Tomcat].[localhost].[/]       : Initializing Spring DispatcherServlet 'dispatcherServlet'
2026-05-19T19:37:20.631+01:00  INFO 23884 --- [service-personnel] [nio-8082-exec-1] o.s.web.servlet.DispatcherServlet        : Initializing Servlet 'dispatcherServlet'
2026-05-19T19:37:20.634+01:00  INFO 23884 --- [service-personnel] [nio-8082-exec-1] o.s.web.servlet.DispatcherServlet        : Completed initialization in 1 ms
Hibernate: 
    select
        p1_0.id,
        p1_0.actif,
        p1_0.carte,
        p1_0.fonction,
        p1_0.matricule,
        p1_0.nature_contrat,
        p1_0.nom,
        p1_0.numero,
        p1_0.prenom,
        p1_0.role,
        p1_0.ville 
    from
        personnel p1_0
Hibernate: 
    select
        count_big(*) 
    from
        personnel p1_0
Hibernate: 
    select
        count_big(p1_0.id) 
    from
        personnel p1_0 
    where
        p1_0.actif=1
Hibernate: 
    select
        count_big(p1_0.id) 
    from
        personnel p1_0 
    where
        p1_0.actif=0
Hibernate: 
    select
        p1_0.id,
        p1_0.actif,
        p1_0.carte,
        p1_0.fonction,
        p1_0.matricule,
        p1_0.nature_contrat,
        p1_0.nom,
        p1_0.numero,
        p1_0.prenom,
        p1_0.role,
        p1_0.ville 
    from
        personnel p1_0
Hibernate: 
    select
        p1_0.id,
        p1_0.actif,
        p1_0.carte,
        p1_0.fonction,
        p1_0.matricule,
        p1_0.nature_contrat,
        p1_0.nom,
        p1_0.numero,
        p1_0.prenom,
        p1_0.role,
        p1_0.ville 
    from
        personnel p1_0
Hibernate: 
    select
        p1_0.id,
        p1_0.actif,
        p1_0.carte,
        p1_0.fonction,
        p1_0.matricule,
        p1_0.nature_contrat,
        p1_0.nom,
        p1_0.numero,
        p1_0.prenom,
        p1_0.role,
        p1_0.ville 
    from
        personnel p1_0
Hibernate: 
    select
        p1_0.id,
        p1_0.actif,
        p1_0.carte,
        p1_0.fonction,
        p1_0.matricule,
        p1_0.nature_contrat,
        p1_0.nom,
        p1_0.numero,
        p1_0.prenom,
        p1_0.role,
        p1_0.ville 
    from
        personnel p1_0
Hibernate: 
    select
        p1_0.id,
        p1_0.actif,
        p1_0.carte,
        p1_0.fonction,
        p1_0.matricule,
        p1_0.nature_contrat,
        p1_0.nom,
        p1_0.numero,
        p1_0.prenom,
        p1_0.role,
        p1_0.ville 
    from
        personnel p1_0
Hibernate: 
    select
        p1_0.id,
        p1_0.actif,
        p1_0.carte,
        p1_0.fonction,
        p1_0.matricule,
        p1_0.nature_contrat,
        p1_0.nom,
        p1_0.numero,
        p1_0.prenom,
        p1_0.role,
        p1_0.ville 
    from
        personnel p1_0
Hibernate: 
    select
        top (?) p1_0.id 
    from
        personnel p1_0 
    where
        p1_0.matricule=?
Hibernate: 
    insert 
    into
        personnel
        (actif, carte, fonction, matricule, nature_contrat, nom, numero, prenom, role, ville) 
    values
        (?, ?, ?, ?, ?, ?, ?, ?, ?, ?)
Hibernate: 
    select
        top (?) p1_0.id 
    from
        personnel p1_0 
    where
        p1_0.matricule=?
Hibernate: 
    insert 
    into
        personnel
        (actif, carte, fonction, matricule, nature_contrat, nom, numero, prenom, role, ville) 
    values
        (?, ?, ?, ?, ?, ?, ?, ?, ?, ?)
Hibernate: 
    select
        top (?) p1_0.id 
    from
        personnel p1_0 
    where
        p1_0.matricule=?
Hibernate: 
    insert 
    into
        personnel
        (actif, carte, fonction, matricule, nature_contrat, nom, numero, prenom, role, ville) 
    values
        (?, ?, ?, ?, ?, ?, ?, ?, ?, ?)
Hibernate: 
    select
        top (?) p1_0.id 
    from
        personnel p1_0 
    where
        p1_0.matricule=?
Hibernate: 
    insert 
    into
        personnel
        (actif, carte, fonction, matricule, nature_contrat, nom, numero, prenom, role, ville) 
    values
        (?, ?, ?, ?, ?, ?, ?, ?, ?, ?)
Hibernate: 
    select
        top (?) p1_0.id 
    from
        personnel p1_0 
    where
        p1_0.matricule=?
Hibernate: 
    insert 
    into
        personnel
        (actif, carte, fonction, matricule, nature_contrat, nom, numero, prenom, role, ville) 
    values
        (?, ?, ?, ?, ?, ?, ?, ?, ?, ?)
Hibernate: 
    select
        top (?) p1_0.id 
    from
        personnel p1_0 
    where
        p1_0.matricule=?
Hibernate: 
    insert 
    into
        personnel
        (actif, carte, fonction, matricule, nature_contrat, nom, numero, prenom, role, ville) 
    values
        (?, ?, ?, ?, ?, ?, ?, ?, ?, ?)
Hibernate: 
    select
        top (?) p1_0.id 
    from
        personnel p1_0 
    where
        p1_0.matricule=?
Hibernate: 
    insert 
    into
        personnel
        (actif, carte, fonction, matricule, nature_contrat, nom, numero, prenom, role, ville) 
    values
        (?, ?, ?, ?, ?, ?, ?, ?, ?, ?)
Hibernate: 
    select
        top (?) p1_0.id 
    from
        personnel p1_0 
    where
        p1_0.matricule=?
Hibernate: 
    insert 
    into
        personnel
        (actif, carte, fonction, matricule, nature_contrat, nom, numero, prenom, role, ville) 
    values
        (?, ?, ?, ?, ?, ?, ?, ?, ?, ?)
Hibernate: 
    select
        top (?) p1_0.id 
    from
        personnel p1_0 
    where
        p1_0.matricule=?
Hibernate: 
    insert 
    into
        personnel
        (actif, carte, fonction, matricule, nature_contrat, nom, numero, prenom, role, ville) 
    values
        (?, ?, ?, ?, ?, ?, ?, ?, ?, ?)
Hibernate: 
    select
        p1_0.id,
        p1_0.actif,
        p1_0.carte,
        p1_0.fonction,
        p1_0.matricule,
        p1_0.nature_contrat,
        p1_0.nom,
        p1_0.numero,
        p1_0.prenom,
        p1_0.role,
        p1_0.ville 
    from
        personnel p1_0
[INFO] ------------------------------------------------------------------------
[INFO] BUILD FAILURE
[INFO] ------------------------------------------------------------------------
[INFO] Total time:  58:17 min
[INFO] Finished at: 2026-05-19T20:33:45+01:00
[INFO] ------------------------------------------------------------------------
[ERROR] Failed to execute goal org.springframework.boot:spring-boot-maven-plugin:3.2.4:run (default-cli) on project service-personnel: Process terminated with exit code: -1 -> [Help 1]
[ERROR] 
[ERROR] To see the full stack trace of the errors, re-run Maven with the -e switch.
[ERROR] Re-run Maven using the -X switch to enable full debug logging.
[ERROR] 
[ERROR] For more information about the errors and possible solutions, please read the following articles:
[ERROR] [Help 1] http://cwiki.apache.org/confluence/display/MAVEN/MojoExecutionException
