[INFO] Scanning for projects...
[INFO] 
[INFO] -------------------< com.abcdis:service-commission >--------------------
[INFO] Building Service Commission - Gestion des règles et calculs de commission 1.0.0
[INFO]   from pom.xml
[INFO] --------------------------------[ jar ]---------------------------------
[INFO] 
[INFO] >>> spring-boot:3.2.4:run (default-cli) > test-compile @ service-commission >>>
[INFO] 
[INFO] --- resources:3.3.1:resources (default-resources) @ service-commission ---
[INFO] Copying 1 resource from src\main\resources to target\classes
[INFO] Copying 1 resource from src\main\resources to target\classes
[INFO] 
[INFO] --- compiler:3.11.0:compile (default-compile) @ service-commission ---
[INFO] Nothing to compile - all classes are up to date
[INFO] 
[INFO] --- resources:3.3.1:testResources (default-testResources) @ service-commission ---
[INFO] skip non existing resourceDirectory C:\Projets\RH-Commission\backend-microservices\service-commission\src\test\resources
[INFO] 
[INFO] --- compiler:3.11.0:testCompile (default-testCompile) @ service-commission ---
[INFO] No sources to compile
[INFO] 
[INFO] <<< spring-boot:3.2.4:run (default-cli) < test-compile @ service-commission <<<
[INFO] 
[INFO] 
[INFO] --- spring-boot:3.2.4:run (default-cli) @ service-commission ---
[INFO] Attaching agents: []

  .   ____          _            __ _ _
 /\\ / ___'_ __ _ _(_)_ __  __ _ \ \ \ \
( ( )\___ | '_ | '_| | '_ \/ _` | \ \ \ \
 \\/  ___)| |_)| | | | | || (_| |  ) ) ) )
  '  |____| .__|_| |_|_| |_\__, | / / / /
 =========|_|==============|___/=/_/_/_/
 :: Spring Boot ::                (v3.2.4)

2026-05-19T19:35:35.854+01:00  INFO 21588 --- [service-commission] [           main] c.a.c.CommissionServiceApplication       : Starting CommissionServiceApplication using Java 17.0.12 with PID 21588 (C:\Projets\RH-Commission\backend-microservices\service-commission\target\classes started by yassi in C:\Projets\RH-Commission\backend-microservices\service-commission)
2026-05-19T19:35:35.863+01:00 DEBUG 21588 --- [service-commission] [           main] c.a.c.CommissionServiceApplication       : Running with Spring Boot v3.2.4, Spring v6.1.5
2026-05-19T19:35:35.868+01:00  INFO 21588 --- [service-commission] [           main] c.a.c.CommissionServiceApplication       : No active profile set, falling back to 1 default profile: "default"
2026-05-19T19:35:37.710+01:00  INFO 21588 --- [service-commission] [           main] .s.d.r.c.RepositoryConfigurationDelegate : Bootstrapping Spring Data JPA repositories in DEFAULT mode.
2026-05-19T19:35:37.826+01:00  INFO 21588 --- [service-commission] [           main] .s.d.r.c.RepositoryConfigurationDelegate : Finished Spring Data repository scanning in 98 ms. Found 2 JPA repository interfaces.
2026-05-19T19:35:38.902+01:00  INFO 21588 --- [service-commission] [           main] o.s.b.w.embedded.tomcat.TomcatWebServer  : Tomcat initialized with port 8083 (http)
2026-05-19T19:35:38.933+01:00  INFO 21588 --- [service-commission] [           main] o.apache.catalina.core.StandardService   : Starting service [Tomcat]
2026-05-19T19:35:38.933+01:00  INFO 21588 --- [service-commission] [           main] o.apache.catalina.core.StandardEngine    : Starting Servlet engine: [Apache Tomcat/10.1.19]
2026-05-19T19:35:39.104+01:00  INFO 21588 --- [service-commission] [           main] o.a.c.c.C.[Tomcat].[localhost].[/]       : Initializing Spring embedded WebApplicationContext
2026-05-19T19:35:39.106+01:00  INFO 21588 --- [service-commission] [           main] w.s.c.ServletWebServerApplicationContext : Root WebApplicationContext: initialization completed in 3116 ms
2026-05-19T19:35:39.544+01:00  INFO 21588 --- [service-commission] [           main] o.hibernate.jpa.internal.util.LogHelper  : HHH000204: Processing PersistenceUnitInfo [name: default]
2026-05-19T19:35:39.685+01:00  INFO 21588 --- [service-commission] [           main] org.hibernate.Version                    : HHH000412: Hibernate ORM core version 6.4.4.Final
2026-05-19T19:35:39.790+01:00  INFO 21588 --- [service-commission] [           main] o.h.c.internal.RegionFactoryInitiator    : HHH000026: Second-level cache disabled
2026-05-19T19:35:40.414+01:00  INFO 21588 --- [service-commission] [           main] o.s.o.j.p.SpringPersistenceUnitInfo      : No LoadTimeWeaver setup: ignoring JPA class transformer
2026-05-19T19:35:40.492+01:00  INFO 21588 --- [service-commission] [           main] com.zaxxer.hikari.HikariDataSource       : HikariPool-1 - Starting...
2026-05-19T19:35:41.047+01:00  INFO 21588 --- [service-commission] [           main] com.zaxxer.hikari.pool.HikariPool        : HikariPool-1 - Added connection ConnectionID:1 ClientConnectionId: 82d27d2e-c21e-436a-bf04-5f57b6094dc4
2026-05-19T19:35:41.052+01:00  INFO 21588 --- [service-commission] [           main] com.zaxxer.hikari.HikariDataSource       : HikariPool-1 - Start completed.
2026-05-19T19:35:41.110+01:00  WARN 21588 --- [service-commission] [           main] org.hibernate.orm.deprecation            : HHH90000025: SQLServerDialect does not need to be specified explicitly using 'hibernate.dialect' (remove the property setting and it will be selected by default)
2026-05-19T19:35:43.373+01:00  INFO 21588 --- [service-commission] [           main] o.h.e.t.j.p.i.JtaPlatformInitiator       : HHH000489: No JTA platform available (set 'hibernate.transaction.jta.platform' to enable JTA platform integration)
2026-05-19T19:35:44.304+01:00  INFO 21588 --- [service-commission] [           main] j.LocalContainerEntityManagerFactoryBean : Initialized JPA EntityManagerFactory for persistence unit 'default'
2026-05-19T19:35:44.931+01:00  INFO 21588 --- [service-commission] [           main] o.s.d.j.r.query.QueryEnhancerFactory     : Hibernate is in classpath; If applicable, HQL parser will be used.
2026-05-19T19:35:45.674+01:00  WARN 21588 --- [service-commission] [           main] JpaBaseConfiguration$JpaWebConfiguration : spring.jpa.open-in-view is enabled by default. Therefore, database queries may be performed during view rendering. Explicitly configure spring.jpa.open-in-view to disable this warning
2026-05-19T19:35:46.467+01:00  INFO 21588 --- [service-commission] [           main] o.s.b.w.embedded.tomcat.TomcatWebServer  : Tomcat started on port 8083 (http) with context path ''
2026-05-19T19:35:46.488+01:00  INFO 21588 --- [service-commission] [           main] c.a.c.CommissionServiceApplication       : Started CommissionServiceApplication in 11.449 seconds (process running for 12.156)
2026-05-19T19:37:21.515+01:00  INFO 21588 --- [service-commission] [nio-8083-exec-1] o.a.c.c.C.[Tomcat].[localhost].[/]       : Initializing Spring DispatcherServlet 'dispatcherServlet'
2026-05-19T19:37:21.515+01:00  INFO 21588 --- [service-commission] [nio-8083-exec-1] o.s.web.servlet.DispatcherServlet        : Initializing Servlet 'dispatcherServlet'
2026-05-19T19:37:21.522+01:00  INFO 21588 --- [service-commission] [nio-8083-exec-1] o.s.web.servlet.DispatcherServlet        : Completed initialization in 2 ms
Hibernate: 
    select
        c1_0.id,
        c1_0.actif,
        c1_0.carte,
        c1_0.condition,
        c1_0.date_creation,
        c1_0.date_modification,
        c1_0.nom,
        c1_0.type_valeur,
        c1_0.valeur 
    from
        contraintes c1_0
Hibernate: 
    select
        hc1_0.id,
        hc1_0.annee,
        hc1_0.bonus,
        hc1_0.carte,
        hc1_0.commissions,
        hc1_0.contraintes_appliquees,
        hc1_0.date_calcul,
        hc1_0.mois,
        hc1_0.nom_employe,
        hc1_0.penalites,
        hc1_0.role_employe,
        hc1_0.salaire_base,
        hc1_0.salaire_final,
        hc1_0.total_ventes 
    from
        historique_calculs hc1_0
Hibernate: 
    select
        c1_0.id,
        c1_0.actif,
        c1_0.carte,
        c1_0.condition,
        c1_0.date_creation,
        c1_0.date_modification,
        c1_0.nom,
        c1_0.type_valeur,
        c1_0.valeur 
    from
        contraintes c1_0 
    where
        c1_0.carte=? 
        and c1_0.actif=1
Hibernate: 
    insert 
    into
        historique_calculs
        (annee, bonus, carte, commissions, contraintes_appliquees, date_calcul, mois, nom_employe, penalites, role_employe, salaire_base, salaire_final, total_ventes) 
    values
        (?, ?, ?, ?, ?, ?, ?, ?, ?, ?, ?, ?, ?)
Hibernate: 
    select
        c1_0.id,
        c1_0.actif,
        c1_0.carte,
        c1_0.condition,
        c1_0.date_creation,
        c1_0.date_modification,
        c1_0.nom,
        c1_0.type_valeur,
        c1_0.valeur 
    from
        contraintes c1_0
Hibernate: 
    select
        c1_0.id,
        c1_0.actif,
        c1_0.carte,
        c1_0.condition,
        c1_0.date_creation,
        c1_0.date_modification,
        c1_0.nom,
        c1_0.type_valeur,
        c1_0.valeur 
    from
        contraintes c1_0
Hibernate: 
    select
        hc1_0.id,
        hc1_0.annee,
        hc1_0.bonus,
        hc1_0.carte,
        hc1_0.commissions,
        hc1_0.contraintes_appliquees,
        hc1_0.date_calcul,
        hc1_0.mois,
        hc1_0.nom_employe,
        hc1_0.penalites,
        hc1_0.role_employe,
        hc1_0.salaire_base,
        hc1_0.salaire_final,
        hc1_0.total_ventes 
    from
        historique_calculs hc1_0
2026-05-19T20:08:53.778+01:00  WARN 21588 --- [service-commission] [nio-8083-exec-1] .w.s.m.s.DefaultHandlerExceptionResolver : Resolved [org.springframework.web.bind.MethodArgumentNotValidException: Validation failed for argument [0] in public org.springframework.http.ResponseEntity<com.abcdis.commission.dto.CalculResponse> com.abcdis.commission.controller.CalculController.lancerCalcul(com.abcdis.commission.dto.CalculRequest): [Field error in object 'calculRequest' on field 'carte': rejected value [null]; codes [NotBlank.calculRequest.carte,NotBlank.carte,NotBlank.java.lang.String,NotBlank]; arguments [org.springframework.context.support.DefaultMessageSourceResolvable: codes [calculRequest.carte,carte]; arguments []; default message [carte]]; default message [La carte est obligatoire]] ]
Hibernate: 
    select
        hc1_0.id,
        hc1_0.annee,
        hc1_0.bonus,
        hc1_0.carte,
        hc1_0.commissions,
        hc1_0.contraintes_appliquees,
        hc1_0.date_calcul,
        hc1_0.mois,
        hc1_0.nom_employe,
        hc1_0.penalites,
        hc1_0.role_employe,
        hc1_0.salaire_base,
        hc1_0.salaire_final,
        hc1_0.total_ventes 
    from
        historique_calculs hc1_0
2026-05-19T20:09:08.057+01:00  WARN 21588 --- [service-commission] [nio-8083-exec-5] .w.s.m.s.DefaultHandlerExceptionResolver : Resolved [org.springframework.web.bind.MethodArgumentNotValidException: Validation failed for argument [0] in public org.springframework.http.ResponseEntity<com.abcdis.commission.dto.CalculResponse> com.abcdis.commission.controller.CalculController.lancerCalcul(com.abcdis.commission.dto.CalculRequest): [Field error in object 'calculRequest' on field 'carte': rejected value [null]; codes [NotBlank.calculRequest.carte,NotBlank.carte,NotBlank.java.lang.String,NotBlank]; arguments [org.springframework.context.support.DefaultMessageSourceResolvable: codes [calculRequest.carte,carte]; arguments []; default message [carte]]; default message [La carte est obligatoire]] ]
Hibernate: 
    select
        c1_0.id,
        c1_0.actif,
        c1_0.carte,
        c1_0.condition,
        c1_0.date_creation,
        c1_0.date_modification,
        c1_0.nom,
        c1_0.type_valeur,
        c1_0.valeur 
    from
        contraintes c1_0 
    where
        c1_0.carte=? 
        and c1_0.actif=1
Hibernate: 
    insert 
    into
        historique_calculs
        (annee, bonus, carte, commissions, contraintes_appliquees, date_calcul, mois, nom_employe, penalites, role_employe, salaire_base, salaire_final, total_ventes) 
    values
        (?, ?, ?, ?, ?, ?, ?, ?, ?, ?, ?, ?, ?)
Hibernate: 
    select
        c1_0.id,
        c1_0.actif,
        c1_0.carte,
        c1_0.condition,
        c1_0.date_creation,
        c1_0.date_modification,
        c1_0.nom,
        c1_0.type_valeur,
        c1_0.valeur 
    from
        contraintes c1_0
Hibernate: 
    select
        c1_0.id,
        c1_0.actif,
        c1_0.carte,
        c1_0.condition,
        c1_0.date_creation,
        c1_0.date_modification,
        c1_0.nom,
        c1_0.type_valeur,
        c1_0.valeur 
    from
        contraintes c1_0 
    where
        c1_0.carte=? 
        and c1_0.actif=1
Hibernate: 
    insert 
    into
        historique_calculs
        (annee, bonus, carte, commissions, contraintes_appliquees, date_calcul, mois, nom_employe, penalites, role_employe, salaire_base, salaire_final, total_ventes) 
    values
        (?, ?, ?, ?, ?, ?, ?, ?, ?, ?, ?, ?, ?)
Hibernate: 
    select
        hc1_0.id,
        hc1_0.annee,
        hc1_0.bonus,
        hc1_0.carte,
        hc1_0.commissions,
        hc1_0.contraintes_appliquees,
        hc1_0.date_calcul,
        hc1_0.mois,
        hc1_0.nom_employe,
        hc1_0.penalites,
        hc1_0.role_employe,
        hc1_0.salaire_base,
        hc1_0.salaire_final,
        hc1_0.total_ventes 
    from
        historique_calculs hc1_0
[INFO] ------------------------------------------------------------------------
[INFO] BUILD FAILURE
[INFO] ------------------------------------------------------------------------
[INFO] Total time:  58:18 min
[INFO] Finished at: 2026-05-19T20:33:45+01:00
[INFO] ------------------------------------------------------------------------
[ERROR] Failed to execute goal org.springframework.boot:spring-boot-maven-plugin:3.2.4:run (default-cli) on project service-commission: Process terminated with exit code: -1 -> [Help 1]
[ERROR] 
[ERROR] To see the full stack trace of the errors, re-run Maven with the -e switch.
[ERROR] Re-run Maven using the -X switch to enable full debug logging.
[ERROR] 
[ERROR] For more information about the errors and possible solutions, please read the following articles:
[ERROR] [Help 1] http://cwiki.apache.org/confluence/display/MAVEN/MojoExecutionException
