[INFO] Scanning for projects...
[INFO] 
[INFO] --------------------< com.abcdis:service-presence >---------------------
[INFO] Building Service Présence - Gestion des fiches de présence et voyages 1.0.0
[INFO]   from pom.xml
[INFO] --------------------------------[ jar ]---------------------------------
[INFO] 
[INFO] >>> spring-boot:3.2.4:run (default-cli) > test-compile @ service-presence >>>
[INFO] 
[INFO] --- resources:3.3.1:resources (default-resources) @ service-presence ---
[INFO] Copying 1 resource from src\main\resources to target\classes
[INFO] Copying 0 resource from src\main\resources to target\classes
[INFO] 
[INFO] --- compiler:3.11.0:compile (default-compile) @ service-presence ---
[INFO] Nothing to compile - all classes are up to date
[INFO] 
[INFO] --- resources:3.3.1:testResources (default-testResources) @ service-presence ---
[INFO] skip non existing resourceDirectory C:\Projets\RH-Commission\backend-microservices\service-presence\src\test\resources
[INFO] 
[INFO] --- compiler:3.11.0:testCompile (default-testCompile) @ service-presence ---
[INFO] No sources to compile
[INFO] 
[INFO] <<< spring-boot:3.2.4:run (default-cli) < test-compile @ service-presence <<<
[INFO] 
[INFO] 
[INFO] --- spring-boot:3.2.4:run (default-cli) @ service-presence ---
[INFO] Attaching agents: []

  .   ____          _            __ _ _
 /\\ / ___'_ __ _ _(_)_ __  __ _ \ \ \ \
( ( )\___ | '_ | '_| | '_ \/ _` | \ \ \ \
 \\/  ___)| |_)| | | | | || (_| |  ) ) ) )
  '  |____| .__|_| |_|_| |_\__, | / / / /
 =========|_|==============|___/=/_/_/_/
 :: Spring Boot ::                (v3.2.4)

2026-05-19T19:35:35.829+01:00  INFO 31728 --- [service-presence] [           main] c.a.presence.PresenceServiceApplication  : Starting PresenceServiceApplication using Java 17.0.12 with PID 31728 (C:\Projets\RH-Commission\backend-microservices\service-presence\target\classes started by yassi in C:\Projets\RH-Commission\backend-microservices\service-presence)
2026-05-19T19:35:35.835+01:00 DEBUG 31728 --- [service-presence] [           main] c.a.presence.PresenceServiceApplication  : Running with Spring Boot v3.2.4, Spring v6.1.5
2026-05-19T19:35:35.839+01:00  INFO 31728 --- [service-presence] [           main] c.a.presence.PresenceServiceApplication  : No active profile set, falling back to 1 default profile: "default"
2026-05-19T19:35:37.703+01:00  INFO 31728 --- [service-presence] [           main] .s.d.r.c.RepositoryConfigurationDelegate : Bootstrapping Spring Data JPA repositories in DEFAULT mode.
2026-05-19T19:35:37.821+01:00  INFO 31728 --- [service-presence] [           main] .s.d.r.c.RepositoryConfigurationDelegate : Finished Spring Data repository scanning in 99 ms. Found 3 JPA repository interfaces.
2026-05-19T19:35:38.885+01:00  INFO 31728 --- [service-presence] [           main] o.s.b.w.embedded.tomcat.TomcatWebServer  : Tomcat initialized with port 8084 (http)
2026-05-19T19:35:38.920+01:00  INFO 31728 --- [service-presence] [           main] o.apache.catalina.core.StandardService   : Starting service [Tomcat]
2026-05-19T19:35:38.922+01:00  INFO 31728 --- [service-presence] [           main] o.apache.catalina.core.StandardEngine    : Starting Servlet engine: [Apache Tomcat/10.1.19]
2026-05-19T19:35:39.091+01:00  INFO 31728 --- [service-presence] [           main] o.a.c.c.C.[Tomcat].[localhost].[/]       : Initializing Spring embedded WebApplicationContext
2026-05-19T19:35:39.091+01:00  INFO 31728 --- [service-presence] [           main] w.s.c.ServletWebServerApplicationContext : Root WebApplicationContext: initialization completed in 3133 ms
2026-05-19T19:35:39.555+01:00  INFO 31728 --- [service-presence] [           main] o.hibernate.jpa.internal.util.LogHelper  : HHH000204: Processing PersistenceUnitInfo [name: default]
2026-05-19T19:35:39.695+01:00  INFO 31728 --- [service-presence] [           main] org.hibernate.Version                    : HHH000412: Hibernate ORM core version 6.4.4.Final
2026-05-19T19:35:39.799+01:00  INFO 31728 --- [service-presence] [           main] o.h.c.internal.RegionFactoryInitiator    : HHH000026: Second-level cache disabled
2026-05-19T19:35:40.389+01:00  INFO 31728 --- [service-presence] [           main] o.s.o.j.p.SpringPersistenceUnitInfo      : No LoadTimeWeaver setup: ignoring JPA class transformer
2026-05-19T19:35:40.472+01:00  INFO 31728 --- [service-presence] [           main] com.zaxxer.hikari.HikariDataSource       : HikariPool-1 - Starting...
2026-05-19T19:35:41.138+01:00  INFO 31728 --- [service-presence] [           main] com.zaxxer.hikari.pool.HikariPool        : HikariPool-1 - Added connection ConnectionID:1 ClientConnectionId: ab0eb508-52ce-4639-b053-fe60c6d8a04f
2026-05-19T19:35:41.140+01:00  INFO 31728 --- [service-presence] [           main] com.zaxxer.hikari.HikariDataSource       : HikariPool-1 - Start completed.
2026-05-19T19:35:41.203+01:00  WARN 31728 --- [service-presence] [           main] org.hibernate.orm.deprecation            : HHH90000025: SQLServerDialect does not need to be specified explicitly using 'hibernate.dialect' (remove the property setting and it will be selected by default)
2026-05-19T19:35:43.611+01:00  INFO 31728 --- [service-presence] [           main] o.h.e.t.j.p.i.JtaPlatformInitiator       : HHH000489: No JTA platform available (set 'hibernate.transaction.jta.platform' to enable JTA platform integration)
2026-05-19T19:35:45.270+01:00  INFO 31728 --- [service-presence] [           main] j.LocalContainerEntityManagerFactoryBean : Initialized JPA EntityManagerFactory for persistence unit 'default'
2026-05-19T19:35:45.890+01:00  INFO 31728 --- [service-presence] [           main] o.s.d.j.r.query.QueryEnhancerFactory     : Hibernate is in classpath; If applicable, HQL parser will be used.
2026-05-19T19:35:46.799+01:00  WARN 31728 --- [service-presence] [           main] JpaBaseConfiguration$JpaWebConfiguration : spring.jpa.open-in-view is enabled by default. Therefore, database queries may be performed during view rendering. Explicitly configure spring.jpa.open-in-view to disable this warning
2026-05-19T19:35:47.535+01:00  INFO 31728 --- [service-presence] [           main] o.s.b.w.embedded.tomcat.TomcatWebServer  : Tomcat started on port 8084 (http) with context path ''
2026-05-19T19:35:47.647+01:00  INFO 31728 --- [service-presence] [           main] c.a.presence.PresenceServiceApplication  : Started PresenceServiceApplication in 12.609 seconds (process running for 13.313)
2026-05-19T19:37:22.605+01:00  INFO 31728 --- [service-presence] [nio-8084-exec-1] o.a.c.c.C.[Tomcat].[localhost].[/]       : Initializing Spring DispatcherServlet 'dispatcherServlet'
2026-05-19T19:37:22.605+01:00  INFO 31728 --- [service-presence] [nio-8084-exec-1] o.s.web.servlet.DispatcherServlet        : Initializing Servlet 'dispatcherServlet'
2026-05-19T19:37:22.612+01:00  INFO 31728 --- [service-presence] [nio-8084-exec-1] o.s.web.servlet.DispatcherServlet        : Completed initialization in 3 ms
Hibernate: 
    select
        fp1_0.id,
        fp1_0.canal,
        fp1_0.date,
        fp1_0.date_creation,
        fp1_0.heure_depart,
        fp1_0.heure_retour,
        fp1_0.matricule_camion,
        fp1_0.nom_aide_livreur,
        fp1_0.nom_livreur,
        fp1_0.nombre_voyages,
        fp1_0.observations 
    from
        fiches_presence fp1_0
Hibernate: 
    select
        sum(vm1_0.montant_ventes) 
    from
        ventes_mensuelles vm1_0 
    where
        vm1_0.annee=?
Hibernate: 
    select
        fp1_0.id,
        fp1_0.canal,
        fp1_0.date,
        fp1_0.date_creation,
        fp1_0.heure_depart,
        fp1_0.heure_retour,
        fp1_0.matricule_camion,
        fp1_0.nom_aide_livreur,
        fp1_0.nom_livreur,
        fp1_0.nombre_voyages,
        fp1_0.observations 
    from
        fiches_presence fp1_0
Hibernate: 
    select
        fp1_0.id,
        fp1_0.canal,
        fp1_0.date,
        fp1_0.date_creation,
        fp1_0.heure_depart,
        fp1_0.heure_retour,
        fp1_0.matricule_camion,
        fp1_0.nom_aide_livreur,
        fp1_0.nom_livreur,
        fp1_0.nombre_voyages,
        fp1_0.observations 
    from
        fiches_presence fp1_0
2026-05-19T20:07:50.190+01:00  WARN 31728 --- [service-presence] [nio-8084-exec-8] .w.s.m.s.DefaultHandlerExceptionResolver : Resolved [org.springframework.web.HttpRequestMethodNotSupportedException: Request method 'GET' is not supported]
2026-05-19T20:08:25.541+01:00  WARN 31728 --- [service-presence] [io-8084-exec-10] .w.s.m.s.DefaultHandlerExceptionResolver : Resolved [org.springframework.web.HttpRequestMethodNotSupportedException: Request method 'GET' is not supported]
Hibernate: 
    select
        vm1_0.id,
        vm1_0.annee,
        vm1_0.carte,
        vm1_0.date_enregistrement,
        vm1_0.mois,
        vm1_0.montant_ventes,
        vm1_0.nom_employe,
        vm1_0.objectif,
        vm1_0.taux_realisation 
    from
        ventes_mensuelles vm1_0 
    where
        vm1_0.mois=? 
        and vm1_0.annee=?
Hibernate: 
    select
        fp1_0.id,
        fp1_0.canal,
        fp1_0.date,
        fp1_0.date_creation,
        fp1_0.heure_depart,
        fp1_0.heure_retour,
        fp1_0.matricule_camion,
        fp1_0.nom_aide_livreur,
        fp1_0.nom_livreur,
        fp1_0.nombre_voyages,
        fp1_0.observations 
    from
        fiches_presence fp1_0
Hibernate: 
    select
        vm1_0.id,
        vm1_0.annee,
        vm1_0.carte,
        vm1_0.date_enregistrement,
        vm1_0.mois,
        vm1_0.montant_ventes,
        vm1_0.nom_employe,
        vm1_0.objectif,
        vm1_0.taux_realisation 
    from
        ventes_mensuelles vm1_0 
    where
        vm1_0.mois=? 
        and vm1_0.annee=?
[INFO] ------------------------------------------------------------------------
[INFO] BUILD FAILURE
[INFO] ------------------------------------------------------------------------
[INFO] Total time:  58:18 min
[INFO] Finished at: 2026-05-19T20:33:45+01:00
[INFO] ------------------------------------------------------------------------
[ERROR] Failed to execute goal org.springframework.boot:spring-boot-maven-plugin:3.2.4:run (default-cli) on project service-presence: Process terminated with exit code: -1 -> [Help 1]
[ERROR] 
[ERROR] To see the full stack trace of the errors, re-run Maven with the -e switch.
[ERROR] Re-run Maven using the -X switch to enable full debug logging.
[ERROR] 
[ERROR] For more information about the errors and possible solutions, please read the following articles:
[ERROR] [Help 1] http://cwiki.apache.org/confluence/display/MAVEN/MojoExecutionException
